Archive member included to satisfy reference by file (symbol)

c:/program files (x86)/atollic/truestudio for arm 7.0.1/armtools/bin/../lib/gcc/arm-atollic-eabi/5.3.1/../../../../arm-atollic-eabi/lib/armv7e-m/fpu\libc.a(lib_a-init.o)
                              startup\startup_stm32l432xx.o (__libc_init_array)
c:/program files (x86)/atollic/truestudio for arm 7.0.1/armtools/bin/../lib/gcc/arm-atollic-eabi/5.3.1/../../../../arm-atollic-eabi/lib/armv7e-m/fpu\libc.a(lib_a-puts.o)
                              Src\main.o (puts)
c:/program files (x86)/atollic/truestudio for arm 7.0.1/armtools/bin/../lib/gcc/arm-atollic-eabi/5.3.1/../../../../arm-atollic-eabi/lib/armv7e-m/fpu\libc.a(lib_a-reent.o)
                              Src\syscalls.o (errno)
c:/program files (x86)/atollic/truestudio for arm 7.0.1/armtools/bin/../lib/gcc/arm-atollic-eabi/5.3.1/../../../../arm-atollic-eabi/lib/armv7e-m/fpu\libc.a(lib_a-strlen.o)
                              c:/program files (x86)/atollic/truestudio for arm 7.0.1/armtools/bin/../lib/gcc/arm-atollic-eabi/5.3.1/../../../../arm-atollic-eabi/lib/armv7e-m/fpu\libc.a(lib_a-puts.o) (strlen)
c:/program files (x86)/atollic/truestudio for arm 7.0.1/armtools/bin/../lib/gcc/arm-atollic-eabi/5.3.1/../../../../arm-atollic-eabi/lib/armv7e-m/fpu\libc.a(lib_a-findfp.o)
                              c:/program files (x86)/atollic/truestudio for arm 7.0.1/armtools/bin/../lib/gcc/arm-atollic-eabi/5.3.1/../../../../arm-atollic-eabi/lib/armv7e-m/fpu\libc.a(lib_a-puts.o) (__sinit)
c:/program files (x86)/atollic/truestudio for arm 7.0.1/armtools/bin/../lib/gcc/arm-atollic-eabi/5.3.1/../../../../arm-atollic-eabi/lib/armv7e-m/fpu\libc.a(lib_a-freer.o)
                              c:/program files (x86)/atollic/truestudio for arm 7.0.1/armtools/bin/../lib/gcc/arm-atollic-eabi/5.3.1/../../../../arm-atollic-eabi/lib/armv7e-m/fpu\libc.a(lib_a-reent.o) (_free_r)
c:/program files (x86)/atollic/truestudio for arm 7.0.1/armtools/bin/../lib/gcc/arm-atollic-eabi/5.3.1/../../../../arm-atollic-eabi/lib/armv7e-m/fpu\libc.a(lib_a-fvwrite.o)
                              c:/program files (x86)/atollic/truestudio for arm 7.0.1/armtools/bin/../lib/gcc/arm-atollic-eabi/5.3.1/../../../../arm-atollic-eabi/lib/armv7e-m/fpu\libc.a(lib_a-puts.o) (__sfvwrite_r)
c:/program files (x86)/atollic/truestudio for arm 7.0.1/armtools/bin/../lib/gcc/arm-atollic-eabi/5.3.1/../../../../arm-atollic-eabi/lib/armv7e-m/fpu\libc.a(lib_a-fwalk.o)
                              c:/program files (x86)/atollic/truestudio for arm 7.0.1/armtools/bin/../lib/gcc/arm-atollic-eabi/5.3.1/../../../../arm-atollic-eabi/lib/armv7e-m/fpu\libc.a(lib_a-findfp.o) (_fwalk)
c:/program files (x86)/atollic/truestudio for arm 7.0.1/armtools/bin/../lib/gcc/arm-atollic-eabi/5.3.1/../../../../arm-atollic-eabi/lib/armv7e-m/fpu\libc.a(lib_a-impure.o)
                              c:/program files (x86)/atollic/truestudio for arm 7.0.1/armtools/bin/../lib/gcc/arm-atollic-eabi/5.3.1/../../../../arm-atollic-eabi/lib/armv7e-m/fpu\libc.a(lib_a-findfp.o) (_global_impure_ptr)
c:/program files (x86)/atollic/truestudio for arm 7.0.1/armtools/bin/../lib/gcc/arm-atollic-eabi/5.3.1/../../../../arm-atollic-eabi/lib/armv7e-m/fpu\libc.a(lib_a-mallocr.o)
                              c:/program files (x86)/atollic/truestudio for arm 7.0.1/armtools/bin/../lib/gcc/arm-atollic-eabi/5.3.1/../../../../arm-atollic-eabi/lib/armv7e-m/fpu\libc.a(lib_a-findfp.o) (_malloc_r)
c:/program files (x86)/atollic/truestudio for arm 7.0.1/armtools/bin/../lib/gcc/arm-atollic-eabi/5.3.1/../../../../arm-atollic-eabi/lib/armv7e-m/fpu\libc.a(lib_a-memchr.o)
                              c:/program files (x86)/atollic/truestudio for arm 7.0.1/armtools/bin/../lib/gcc/arm-atollic-eabi/5.3.1/../../../../arm-atollic-eabi/lib/armv7e-m/fpu\libc.a(lib_a-fvwrite.o) (memchr)
c:/program files (x86)/atollic/truestudio for arm 7.0.1/armtools/bin/../lib/gcc/arm-atollic-eabi/5.3.1/../../../../arm-atollic-eabi/lib/armv7e-m/fpu\libc.a(lib_a-memcpy-stub.o)
                              c:/program files (x86)/atollic/truestudio for arm 7.0.1/armtools/bin/../lib/gcc/arm-atollic-eabi/5.3.1/../../../../arm-atollic-eabi/lib/armv7e-m/fpu\libc.a(lib_a-fvwrite.o) (memcpy)
c:/program files (x86)/atollic/truestudio for arm 7.0.1/armtools/bin/../lib/gcc/arm-atollic-eabi/5.3.1/../../../../arm-atollic-eabi/lib/armv7e-m/fpu\libc.a(lib_a-memmove.o)
                              c:/program files (x86)/atollic/truestudio for arm 7.0.1/armtools/bin/../lib/gcc/arm-atollic-eabi/5.3.1/../../../../arm-atollic-eabi/lib/armv7e-m/fpu\libc.a(lib_a-fvwrite.o) (memmove)
c:/program files (x86)/atollic/truestudio for arm 7.0.1/armtools/bin/../lib/gcc/arm-atollic-eabi/5.3.1/../../../../arm-atollic-eabi/lib/armv7e-m/fpu\libc.a(lib_a-memset.o)
                              c:/program files (x86)/atollic/truestudio for arm 7.0.1/armtools/bin/../lib/gcc/arm-atollic-eabi/5.3.1/../../../../arm-atollic-eabi/lib/armv7e-m/fpu\libc.a(lib_a-findfp.o) (memset)
[...]
Memory Configuration

Name             Origin             Length             Attributes
RAM              0x20000000         0x0000c000         xrw
RAM2             0x10000000         0x00004000         xrw
FLASH            0x08000000         0x00040000         xr
*default*        0x00000000         0xffffffff

Linker script and memory map

LOAD c:/program files (x86)/atollic/truestudio for arm 7.0.1/armtools/bin/../lib/gcc/arm-atollic-eabi/5.3.1/armv7e-m/fpu/crti.o
LOAD c:/program files (x86)/atollic/truestudio for arm 7.0.1/armtools/bin/../lib/gcc/arm-atollic-eabi/5.3.1/armv7e-m/fpu/crtbegin.o
LOAD Drivers\STM32L4xx_HAL_Driver\Src\stm32l4xx_hal.o
LOAD Drivers\STM32L4xx_HAL_Driver\Src\stm32l4xx_hal_adc.o
LOAD Drivers\STM32L4xx_HAL_Driver\Src\stm32l4xx_hal_adc_ex.o
LOAD Drivers\STM32L4xx_HAL_Driver\Src\stm32l4xx_hal_cortex.o
LOAD Drivers\STM32L4xx_HAL_Driver\Src\stm32l4xx_hal_dma.o
LOAD Drivers\STM32L4xx_HAL_Driver\Src\stm32l4xx_hal_flash.o
LOAD Drivers\STM32L4xx_HAL_Driver\Src\stm32l4xx_hal_flash_ex.o
LOAD Drivers\STM32L4xx_HAL_Driver\Src\stm32l4xx_hal_flash_ramfunc.o
LOAD Drivers\STM32L4xx_HAL_Driver\Src\stm32l4xx_hal_gpio.o
LOAD Drivers\STM32L4xx_HAL_Driver\Src\stm32l4xx_hal_i2c.o
LOAD Drivers\STM32L4xx_HAL_Driver\Src\stm32l4xx_hal_i2c_ex.o
LOAD Drivers\STM32L4xx_HAL_Driver\Src\stm32l4xx_hal_pwr.o
LOAD Drivers\STM32L4xx_HAL_Driver\Src\stm32l4xx_hal_pwr_ex.o
LOAD Drivers\STM32L4xx_HAL_Driver\Src\stm32l4xx_hal_rcc.o
LOAD Drivers\STM32L4xx_HAL_Driver\Src\stm32l4xx_hal_rcc_ex.o
LOAD Drivers\STM32L4xx_HAL_Driver\Src\stm32l4xx_hal_tim.o
LOAD Drivers\STM32L4xx_HAL_Driver\Src\stm32l4xx_hal_tim_ex.o
LOAD Drivers\STM32L4xx_HAL_Driver\Src\stm32l4xx_hal_uart.o
LOAD Drivers\STM32L4xx_HAL_Driver\Src\stm32l4xx_hal_uart_ex.o
LOAD Src\HD44780_F3.o
LOAD Src\main.o
LOAD Src\stm32l4xx_hal_msp.o
LOAD Src\stm32l4xx_it.o
LOAD Src\syscalls.o
LOAD Src\system_stm32l4xx.o
LOAD startup\startup_stm32l432xx.o
START GROUP
LOAD c:/program files (x86)/atollic/truestudio for arm 7.0.1/armtools/bin/../lib/gcc/arm-atollic-eabi/5.3.1/../../../../arm-atollic-eabi/lib/armv7e-m/fpu\libc.a
LOAD c:/program files (x86)/atollic/truestudio for arm 7.0.1/armtools/bin/../lib/gcc/arm-atollic-eabi/5.3.1/../../../../arm-atollic-eabi/lib/armv7e-m/fpu\libm.a
END GROUP
                0x00000080                malloc_getpagesize_P = 0x80
START GROUP
LOAD c:/program files (x86)/atollic/truestudio for arm 7.0.1/armtools/bin/../lib/gcc/arm-atollic-eabi/5.3.1/armv7e-m/fpu\libgcc.a
LOAD c:/program files (x86)/atollic/truestudio for arm 7.0.1/armtools/bin/../lib/gcc/arm-atollic-eabi/5.3.1/../../../../arm-atollic-eabi/lib/armv7e-m/fpu\libc.a
END GROUP
START GROUP
LOAD c:/program files (x86)/atollic/truestudio for arm 7.0.1/armtools/bin/../lib/gcc/arm-atollic-eabi/5.3.1/armv7e-m/fpu\libgcc.a
LOAD c:/program files (x86)/atollic/truestudio for arm 7.0.1/armtools/bin/../lib/gcc/arm-atollic-eabi/5.3.1/../../../../arm-atollic-eabi/lib/armv7e-m/fpu\libc.a
LOAD c:/program files (x86)/atollic/truestudio for arm 7.0.1/armtools/bin/../lib/gcc/arm-atollic-eabi/5.3.1/../../../../arm-atollic-eabi/lib/armv7e-m/fpu\libnosys.a
END GROUP
LOAD c:/program files (x86)/atollic/truestudio for arm 7.0.1/armtools/bin/../lib/gcc/arm-atollic-eabi/5.3.1/armv7e-m/fpu/crtend.o
LOAD c:/program files (x86)/atollic/truestudio for arm 7.0.1/armtools/bin/../lib/gcc/arm-atollic-eabi/5.3.1/armv7e-m/fpu/crtn.o
                0x2000c000                _estack = 0x2000c000
                0x00000200                _Min_Heap_Size = 0x200
                0x00000400                _Min_Stack_Size = 0x400

.isr_vector     0x08000000      0x18c
                0x08000000                . = ALIGN (0x4)
 *(.isr_vector)
 .isr_vector    0x08000000      0x18c startup\startup_stm32l432xx.o
                0x08000000                g_pfnVectors
                0x0800018c                . = ALIGN (0x4)

.text           0x08000190     0x41ec
                0x08000190                . = ALIGN (0x4)
 *(.text)
 .text          0x08000190       0x40 c:/program files (x86)/atollic/truestudio for arm 7.0.1/armtools/bin/../lib/gcc/arm-atollic-eabi/5.3.1/armv7e-m/fpu/crtbegin.o
 .text          0x080001d0       0x10 c:/program files (x86)/atollic/truestudio for arm 7.0.1/armtools/bin/../lib/gcc/arm-atollic-eabi/5.3.1/../../../../arm-atollic-eabi/lib/armv7e-m/fpu\libc.a(lib_a-strlen.o)
                0x080001d0                strlen
 .text          0x080001e0       0xa0 c:/program files (x86)/atollic/truestudio for arm 7.0.1/armtools/bin/../lib/gcc/arm-atollic-eabi/5.3.1/../../../../arm-atollic-eabi/lib/armv7e-m/fpu\libc.a(lib_a-memchr.o)
                0x080001e0                memchr
 .text          0x08000280       0x30 c:/program files (x86)/atollic/truestudio for arm 7.0.1/armtools/bin/../lib/gcc/arm-atollic-eabi/5.3.1/armv7e-m/fpu\libgcc.a(_aeabi_uldivmod.o)
                0x08000280                __aeabi_uldivmod
 .text          0x080002b0      0x2e4 c:/program files (x86)/atollic/truestudio for arm 7.0.1/armtools/bin/../lib/gcc/arm-atollic-eabi/5.3.1/armv7e-m/fpu\libgcc.a(_udivmoddi4.o)
                0x080002b0                __udivmoddi4
 .text          0x08000594        0x4 c:/program files (x86)/atollic/truestudio for arm 7.0.1/armtools/bin/../lib/gcc/arm-atollic-eabi/5.3.1/armv7e-m/fpu\libgcc.a(_dvmd_tls.o)
                0x08000594                __aeabi_idiv0
                0x08000594                __aeabi_ldiv0
 *(.text*)
 .text.HAL_InitTick
                0x08000598       0x28 Drivers\STM32L4xx_HAL_Driver\Src\stm32l4xx_hal.o
                0x08000598                HAL_InitTick
 .text.HAL_Init
                0x080005c0       0x16 Drivers\STM32L4xx_HAL_Driver\Src\stm32l4xx_hal.o
                0x080005c0                HAL_Init
 *fill*         0x080005d6        0x2 
 .text.HAL_IncTick
                0x080005d8       0x10 Drivers\STM32L4xx_HAL_Driver\Src\stm32l4xx_hal.o
                0x080005d8                HAL_IncTick
 .text.HAL_GetTick
                0x080005e8        0xc Drivers\STM32L4xx_HAL_Driver\Src\stm32l4xx_hal.o
                0x080005e8                HAL_GetTick
 .text.HAL_Delay
                0x080005f4       0x1c Drivers\STM32L4xx_HAL_Driver\Src\stm32l4xx_hal.o
                0x080005f4                HAL_Delay
 .text.HAL_ADC_Init
                0x08000610      0x1c0 Drivers\STM32L4xx_HAL_Driver\Src\stm32l4xx_hal_adc.o
                0x08000610                HAL_ADC_Init
 .text.HAL_ADC_ConfigChannel
                0x080007d0      0x3f4 Drivers\STM32L4xx_HAL_Driver\Src\stm32l4xx_hal_adc.o
                0x080007d0                HAL_ADC_ConfigChannel
 .text.HAL_NVIC_SetPriorityGrouping
                0x08000bc4       0x24 Drivers\STM32L4xx_HAL_Driver\Src\stm32l4xx_hal_cortex.o
                0x08000bc4                HAL_NVIC_SetPriorityGrouping
 .text.HAL_NVIC_SetPriority
                0x08000be8       0x68 Drivers\STM32L4xx_HAL_Driver\Src\stm32l4xx_hal_cortex.o
                0x08000be8                HAL_NVIC_SetPriority
 .text.HAL_SYSTICK_Config
                0x08000c50       0x2c Drivers\STM32L4xx_HAL_Driver\Src\stm32l4xx_hal_cortex.o
                0x08000c50                HAL_SYSTICK_Config
 .text.HAL_SYSTICK_CLKSourceConfig
                0x08000c7c       0x18 Drivers\STM32L4xx_HAL_Driver\Src\stm32l4xx_hal_cortex.o
                0x08000c7c                HAL_SYSTICK_CLKSourceConfig
 .text.HAL_SYSTICK_Callback
                0x08000c94        0x2 Drivers\STM32L4xx_HAL_Driver\Src\stm32l4xx_hal_cortex.o
                0x08000c94                HAL_SYSTICK_Callback
 .text.HAL_SYSTICK_IRQHandler
                0x08000c96        0x8 Drivers\STM32L4xx_HAL_Driver\Src\stm32l4xx_hal_cortex.o
                0x08000c96                HAL_SYSTICK_IRQHandler
 *fill*         0x08000c9e        0x2 
 .text.HAL_GPIO_Init
                0x08000ca0      0x178 Drivers\STM32L4xx_HAL_Driver\Src\stm32l4xx_hal_gpio.o
                0x08000ca0                HAL_GPIO_Init
 .text.HAL_GPIO_ReadPin
                0x08000e18        0xc Drivers\STM32L4xx_HAL_Driver\Src\stm32l4xx_hal_gpio.o
                0x08000e18                HAL_GPIO_ReadPin
 .text.HAL_GPIO_WritePin
                0x08000e24        0xa Drivers\STM32L4xx_HAL_Driver\Src\stm32l4xx_hal_gpio.o
                0x08000e24                HAL_GPIO_WritePin
 *fill*         0x08000e2e        0x2 
 .text.HAL_PWREx_GetVoltageRange
                0x08000e30       0x10 Drivers\STM32L4xx_HAL_Driver\Src\stm32l4xx_hal_pwr_ex.o
                0x08000e30                HAL_PWREx_GetVoltageRange
 .text.HAL_PWREx_ControlVoltageScaling
                0x08000e40       0x6c Drivers\STM32L4xx_HAL_Driver\Src\stm32l4xx_hal_pwr_ex.o
                0x08000e40                HAL_PWREx_ControlVoltageScaling
 .text.RCC_SetFlashLatencyFromMSIRange
                0x08000eac       0x84 Drivers\STM32L4xx_HAL_Driver\Src\stm32l4xx_hal_rcc.o
 .text.HAL_RCC_GetSysClockFreq
                0x08000f30      0x13c Drivers\STM32L4xx_HAL_Driver\Src\stm32l4xx_hal_rcc.o
                0x08000f30                HAL_RCC_GetSysClockFreq
 .text.HAL_RCC_OscConfig
                0x0800106c      0x4e4 Drivers\STM32L4xx_HAL_Driver\Src\stm32l4xx_hal_rcc.o
                0x0800106c                HAL_RCC_OscConfig
 .text.HAL_RCC_ClockConfig
                0x08001550      0x170 Drivers\STM32L4xx_HAL_Driver\Src\stm32l4xx_hal_rcc.o
                0x08001550                HAL_RCC_ClockConfig
 .text.HAL_RCC_GetHCLKFreq
                0x080016c0        0xc Drivers\STM32L4xx_HAL_Driver\Src\stm32l4xx_hal_rcc.o
                0x080016c0                HAL_RCC_GetHCLKFreq
 .text.HAL_RCC_GetPCLK1Freq
                0x080016cc       0x30 Drivers\STM32L4xx_HAL_Driver\Src\stm32l4xx_hal_rcc.o
                0x080016cc                HAL_RCC_GetPCLK1Freq
 .text.HAL_RCC_GetPCLK2Freq
                0x080016fc       0x30 Drivers\STM32L4xx_HAL_Driver\Src\stm32l4xx_hal_rcc.o
                0x080016fc                HAL_RCC_GetPCLK2Freq
 .text.RCCEx_PLLSAI1_Config
                0x0800172c      0x170 Drivers\STM32L4xx_HAL_Driver\Src\stm32l4xx_hal_rcc_ex.o
 .text.HAL_RCCEx_PeriphCLKConfig
                0x0800189c      0x284 Drivers\STM32L4xx_HAL_Driver\Src\stm32l4xx_hal_rcc_ex.o
                0x0800189c                HAL_RCCEx_PeriphCLKConfig
 .text.TIM_OC1_SetConfig
                0x08001b20       0x78 Drivers\STM32L4xx_HAL_Driver\Src\stm32l4xx_hal_tim.o
 .text.TIM_OC3_SetConfig
                0x08001b98       0x70 Drivers\STM32L4xx_HAL_Driver\Src\stm32l4xx_hal_tim.o
 .text.TIM_OC4_SetConfig
                0x08001c08       0x58 Drivers\STM32L4xx_HAL_Driver\Src\stm32l4xx_hal_tim.o
 .text.TIM_OC5_SetConfig
                0x08001c60       0x58 Drivers\STM32L4xx_HAL_Driver\Src\stm32l4xx_hal_tim.o
 .text.TIM_OC6_SetConfig
                0x08001cb8       0x58 Drivers\STM32L4xx_HAL_Driver\Src\stm32l4xx_hal_tim.o
 .text.TIM_Base_SetConfig
                0x08001d10       0x6c Drivers\STM32L4xx_HAL_Driver\Src\stm32l4xx_hal_tim.o
                0x08001d10                TIM_Base_SetConfig
 .text.HAL_TIM_PWM_Init
                0x08001d7c       0x34 Drivers\STM32L4xx_HAL_Driver\Src\stm32l4xx_hal_tim.o
                0x08001d7c                HAL_TIM_PWM_Init
 .text.TIM_OC2_SetConfig
                0x08001db0       0x74 Drivers\STM32L4xx_HAL_Driver\Src\stm32l4xx_hal_tim.o
                0x08001db0                TIM_OC2_SetConfig
 .text.HAL_TIM_PWM_ConfigChannel
                0x08001e24      0x10c Drivers\STM32L4xx_HAL_Driver\Src\stm32l4xx_hal_tim.o
                0x08001e24                HAL_TIM_PWM_ConfigChannel
 .text.TIM_CCxChannelCmd
                0x08001f30       0x1a Drivers\STM32L4xx_HAL_Driver\Src\stm32l4xx_hal_tim.o
                0x08001f30                TIM_CCxChannelCmd
 *fill*         0x08001f4a        0x2 
 .text.HAL_TIM_PWM_Start
                0x08001f4c       0x3c Drivers\STM32L4xx_HAL_Driver\Src\stm32l4xx_hal_tim.o
                0x08001f4c                HAL_TIM_PWM_Start
 .text.HAL_TIM_PWM_Stop
                0x08001f88       0x6c Drivers\STM32L4xx_HAL_Driver\Src\stm32l4xx_hal_tim.o
                0x08001f88                HAL_TIM_PWM_Stop
 .text.TIM_CCxNChannelCmd
                0x08001ff4       0x1a Drivers\STM32L4xx_HAL_Driver\Src\stm32l4xx_hal_tim_ex.o
 .text.HAL_TIMEx_PWMN_Start
                0x0800200e       0x22 Drivers\STM32L4xx_HAL_Driver\Src\stm32l4xx_hal_tim_ex.o
                0x0800200e                HAL_TIMEx_PWMN_Start
 .text.HAL_TIMEx_MasterConfigSynchronization
                0x08002030       0x44 Drivers\STM32L4xx_HAL_Driver\Src\stm32l4xx_hal_tim_ex.o
                0x08002030                HAL_TIMEx_MasterConfigSynchronization
 .text.HAL_TIMEx_ConfigBreakDeadTime
                0x08002074       0x7c Drivers\STM32L4xx_HAL_Driver\Src\stm32l4xx_hal_tim_ex.o
                0x08002074                HAL_TIMEx_ConfigBreakDeadTime
 .text.UART_SetConfig
                0x080020f0      0x234 Drivers\STM32L4xx_HAL_Driver\Src\stm32l4xx_hal_uart.o
                0x080020f0                UART_SetConfig
 .text.UART_AdvFeatureConfig
                0x08002324       0xa8 Drivers\STM32L4xx_HAL_Driver\Src\stm32l4xx_hal_uart.o
                0x08002324                UART_AdvFeatureConfig
 .text.UART_WaitOnFlagUntilTimeout
                0x080023cc       0x62 Drivers\STM32L4xx_HAL_Driver\Src\stm32l4xx_hal_uart.o
                0x080023cc                UART_WaitOnFlagUntilTimeout
 .text.HAL_UART_Transmit
                0x0800242e       0xb4 Drivers\STM32L4xx_HAL_Driver\Src\stm32l4xx_hal_uart.o
                0x0800242e                HAL_UART_Transmit
 .text.HAL_UART_Receive
                0x080024e2       0xdc Drivers\STM32L4xx_HAL_Driver\Src\stm32l4xx_hal_uart.o
                0x080024e2                HAL_UART_Receive
 .text.UART_CheckIdleState
                0x080025be       0x68 Drivers\STM32L4xx_HAL_Driver\Src\stm32l4xx_hal_uart.o
                0x080025be                UART_CheckIdleState
 .text.HAL_UART_Init
                0x08002626       0x64 Drivers\STM32L4xx_HAL_Driver\Src\stm32l4xx_hal_uart.o
                0x08002626                HAL_UART_Init
 .text.GPIO_SetBits
                0x0800268a        0x6 Src\HD44780_F3.o
                0x0800268a                GPIO_SetBits
 .text.GPIO_ResetBits
                0x08002690        0x6 Src\HD44780_F3.o
                0x08002690                GPIO_ResetBits
 *fill*         0x08002696        0x2 
 .text.hd44780_wr_hi_nibble
                0x08002698       0x78 Src\HD44780_F3.o
                0x08002698                hd44780_wr_hi_nibble
 .text.hd44780_wr_lo_nibble
                0x08002710       0x78 Src\HD44780_F3.o
                0x08002710                hd44780_wr_lo_nibble
 .text.hd44780_write
                0x08002788       0x12 Src\HD44780_F3.o
                0x08002788                hd44780_write
 *fill*         0x0800279a        0x2 
 .text.hd44780_wr_cmd
                0x0800279c       0x1c Src\HD44780_F3.o
                0x0800279c                hd44780_wr_cmd
 .text.hd44780_wr_data
                0x080027b8       0x1c Src\HD44780_F3.o
                0x080027b8                hd44780_wr_data
 .text.HD44780_Init
                0x080027d4       0xb0 Src\HD44780_F3.o
                0x080027d4                HD44780_Init
 .text.HD44780_PutStr
                0x08002884       0x22 Src\HD44780_F3.o
                0x08002884                HD44780_PutStr
 *fill*         0x080028a6        0x2 
 .text.setPWMandTurnON
                0x080028a8       0x9c Src\main.o
                0x080028a8                setPWMandTurnON
 .text.SystemClock_Config
                0x08002944       0xac Src\main.o
                0x08002944                SystemClock_Config
 .text.startup.main
                0x080029f0      0x21c Src\main.o
                0x080029f0                main
 .text._Error_Handler
                0x08002c0c        0x2 Src\main.o
                0x08002c0c                _Error_Handler
 *fill*         0x08002c0e        0x2 
 .text.HAL_MspInit
                0x08002c10       0x8c Src\stm32l4xx_hal_msp.o
                0x08002c10                HAL_MspInit
 .text.HAL_ADC_MspInit
                0x08002c9c       0x44 Src\stm32l4xx_hal_msp.o
                0x08002c9c                HAL_ADC_MspInit
 .text.HAL_TIM_PWM_MspInit
                0x08002ce0       0x28 Src\stm32l4xx_hal_msp.o
                0x08002ce0                HAL_TIM_PWM_MspInit
 .text.HAL_TIM_MspPostInit
                0x08002d08       0x34 Src\stm32l4xx_hal_msp.o
                0x08002d08                HAL_TIM_MspPostInit
 .text.HAL_UART_MspInit
                0x08002d3c       0x60 Src\stm32l4xx_hal_msp.o
                0x08002d3c                HAL_UART_MspInit
 .text.SysTick_Handler
                0x08002d9c        0xe Src\stm32l4xx_it.o
                0x08002d9c                SysTick_Handler
 *fill*         0x08002daa        0x2 
 .text._write   0x08002dac       0x2c Src\syscalls.o
                0x08002dac                _write
 .text._sbrk    0x08002dd8       0x1c Src\syscalls.o
                0x08002dd8                _sbrk
 .text._close   0x08002df4       0x10 Src\syscalls.o
                0x08002df4                _close
 .text._fstat   0x08002e04       0x10 Src\syscalls.o
                0x08002e04                _fstat
 .text._isatty  0x08002e14       0x10 Src\syscalls.o
                0x08002e14                _isatty
 .text._lseek   0x08002e24       0x10 Src\syscalls.o
                0x08002e24                _lseek
 .text._read    0x08002e34       0x18 Src\syscalls.o
                0x08002e34                _read
 .text.SystemInit
                0x08002e4c       0x48 Src\system_stm32l4xx.o
                0x08002e4c                SystemInit
 .text.Reset_Handler
                0x08002e94       0x50 startup\startup_stm32l432xx.o
                0x08002e94                Reset_Handler
 .text.Default_Handler
                0x08002ee4        0x2 startup\startup_stm32l432xx.o
                0x08002ee4                RTC_Alarm_IRQHandler
                0x08002ee4                EXTI2_IRQHandler
                0x08002ee4                DebugMon_Handler
                0x08002ee4                TIM1_CC_IRQHandler
                0x08002ee4                TSC_IRQHandler
                0x08002ee4                HardFault_Handler
                0x08002ee4                TAMP_STAMP_IRQHandler
                0x08002ee4                PendSV_Handler
                0x08002ee4                NMI_Handler
                0x08002ee4                EXTI3_IRQHandler
                0x08002ee4                LPTIM2_IRQHandler
                0x08002ee4                I2C3_ER_IRQHandler
                0x08002ee4                EXTI0_IRQHandler
                0x08002ee4                CAN1_RX0_IRQHandler
                0x08002ee4                FPU_IRQHandler
                0x08002ee4                TIM1_UP_TIM16_IRQHandler
                0x08002ee4                UsageFault_Handler
                0x08002ee4                SPI1_IRQHandler
                0x08002ee4                TIM6_DAC_IRQHandler
                0x08002ee4                DMA2_Channel2_IRQHandler
                0x08002ee4                DMA1_Channel4_IRQHandler
                0x08002ee4                ADC1_IRQHandler
                0x08002ee4                DMA1_Channel7_IRQHandler
                0x08002ee4                CAN1_RX1_IRQHandler
                0x08002ee4                DMA2_Channel1_IRQHandler
                0x08002ee4                QUADSPI_IRQHandler
                0x08002ee4                I2C1_EV_IRQHandler
                0x08002ee4                DMA1_Channel6_IRQHandler
                0x08002ee4                DMA2_Channel4_IRQHandler
                0x08002ee4                RCC_IRQHandler
                0x08002ee4                TIM1_TRG_COM_IRQHandler
                0x08002ee4                DMA1_Channel1_IRQHandler
                0x08002ee4                Default_Handler
                0x08002ee4                DMA2_Channel7_IRQHandler
                0x08002ee4                EXTI15_10_IRQHandler
                0x08002ee4                TIM7_IRQHandler
                0x08002ee4                I2C3_EV_IRQHandler
                0x08002ee4                USB_IRQHandler
                0x08002ee4                EXTI9_5_IRQHandler
                0x08002ee4                RTC_WKUP_IRQHandler
                0x08002ee4                PVD_PVM_IRQHandler
                0x08002ee4                MemManage_Handler
                0x08002ee4                CAN1_TX_IRQHandler
                0x08002ee4                SVC_Handler
                0x08002ee4                DMA2_Channel5_IRQHandler
                0x08002ee4                CRS_IRQHandler
                0x08002ee4                DMA1_Channel5_IRQHandler
                0x08002ee4                EXTI4_IRQHandler
                0x08002ee4                RNG_IRQHandler
                0x08002ee4                DMA1_Channel3_IRQHandler
                0x08002ee4                COMP_IRQHandler
                0x08002ee4                WWDG_IRQHandler
                0x08002ee4                LPUART1_IRQHandler
                0x08002ee4                DMA2_Channel6_IRQHandler
                0x08002ee4                TIM2_IRQHandler
                0x08002ee4                EXTI1_IRQHandler
                0x08002ee4                USART2_IRQHandler
                0x08002ee4                DMA1_Channel2_IRQHandler
                0x08002ee4                CAN1_SCE_IRQHandler
                0x08002ee4                FLASH_IRQHandler
                0x08002ee4                BusFault_Handler
                0x08002ee4                USART1_IRQHandler
                0x08002ee4                SPI3_IRQHandler
                0x08002ee4                I2C1_ER_IRQHandler
                0x08002ee4                SWPMI1_IRQHandler
                0x08002ee4                LPTIM1_IRQHandler
                0x08002ee4                SAI1_IRQHandler
                0x08002ee4                DMA2_Channel3_IRQHandler
                0x08002ee4                TIM1_BRK_TIM15_IRQHandler
 *fill*         0x08002ee6        0x2 
 .text.__libc_init_array
                0x08002ee8       0x4c c:/program files (x86)/atollic/truestudio for arm 7.0.1/armtools/bin/../lib/gcc/arm-atollic-eabi/5.3.1/../../../../arm-atollic-eabi/lib/armv7e-m/fpu\libc.a(lib_a-init.o)
                0x08002ee8                __libc_init_array
 .text._puts_r  0x08002f34       0x98 c:/program files (x86)/atollic/truestudio for arm 7.0.1/armtools/bin/../lib/gcc/arm-atollic-eabi/5.3.1/../../../../arm-atollic-eabi/lib/armv7e-m/fpu\libc.a(lib_a-puts.o)
                0x08002f34                _puts_r
 .text.puts     0x08002fcc       0x10 c:/program files (x86)/atollic/truestudio for arm 7.0.1/armtools/bin/../lib/gcc/arm-atollic-eabi/5.3.1/../../../../arm-atollic-eabi/lib/armv7e-m/fpu\libc.a(lib_a-puts.o)
                0x08002fcc                puts
 .text._cleanup_r
                0x08002fdc        0xc c:/program files (x86)/atollic/truestudio for arm 7.0.1/armtools/bin/../lib/gcc/arm-atollic-eabi/5.3.1/../../../../arm-atollic-eabi/lib/armv7e-m/fpu\libc.a(lib_a-findfp.o)
                0x08002fdc                _cleanup_r
 .text.std.isra.0
                0x08002fe8       0x48 c:/program files (x86)/atollic/truestudio for arm 7.0.1/armtools/bin/../lib/gcc/arm-atollic-eabi/5.3.1/../../../../arm-atollic-eabi/lib/armv7e-m/fpu\libc.a(lib_a-findfp.o)
 .text.__sfmoreglue
                0x08003030       0x2c c:/program files (x86)/atollic/truestudio for arm 7.0.1/armtools/bin/../lib/gcc/arm-atollic-eabi/5.3.1/../../../../arm-atollic-eabi/lib/armv7e-m/fpu\libc.a(lib_a-findfp.o)
                0x08003030                __sfmoreglue
 .text.__sinit  0x0800305c       0x68 c:/program files (x86)/atollic/truestudio for arm 7.0.1/armtools/bin/../lib/gcc/arm-atollic-eabi/5.3.1/../../../../arm-atollic-eabi/lib/armv7e-m/fpu\libc.a(lib_a-findfp.o)
                0x0800305c                __sinit
 .text.__sfp    0x080030c4       0x78 c:/program files (x86)/atollic/truestudio for arm 7.0.1/armtools/bin/../lib/gcc/arm-atollic-eabi/5.3.1/../../../../arm-atollic-eabi/lib/armv7e-m/fpu\libc.a(lib_a-findfp.o)
                0x080030c4                __sfp
 .text.__sfp_lock_acquire
                0x0800313c        0x2 c:/program files (x86)/atollic/truestudio for arm 7.0.1/armtools/bin/../lib/gcc/arm-atollic-eabi/5.3.1/../../../../arm-atollic-eabi/lib/armv7e-m/fpu\libc.a(lib_a-findfp.o)
                0x0800313c                __sfp_lock_acquire
 .text.__sfp_lock_release
                0x0800313e        0x2 c:/program files (x86)/atollic/truestudio for arm 7.0.1/armtools/bin/../lib/gcc/arm-atollic-eabi/5.3.1/../../../../arm-atollic-eabi/lib/armv7e-m/fpu\libc.a(lib_a-findfp.o)
                0x0800313e                __sfp_lock_release
 .text._malloc_trim_r
                0x08003140       0xac c:/program files (x86)/atollic/truestudio for arm 7.0.1/armtools/bin/../lib/gcc/arm-atollic-eabi/5.3.1/../../../../arm-atollic-eabi/lib/armv7e-m/fpu\libc.a(lib_a-freer.o)
                0x08003140                _malloc_trim_r
 .text._free_r  0x080031ec      0x17c c:/program files (x86)/atollic/truestudio for arm 7.0.1/armtools/bin/../lib/gcc/arm-atollic-eabi/5.3.1/../../../../arm-atollic-eabi/lib/armv7e-m/fpu\libc.a(lib_a-freer.o)
                0x080031ec                _free_r
 .text.__sfvwrite_r
                0x08003368      0x294 c:/program files (x86)/atollic/truestudio for arm 7.0.1/armtools/bin/../lib/gcc/arm-atollic-eabi/5.3.1/../../../../arm-atollic-eabi/lib/armv7e-m/fpu\libc.a(lib_a-fvwrite.o)
                0x08003368                __sfvwrite_r
 .text._fwalk_reent
                0x080035fc       0x3c c:/program files (x86)/atollic/truestudio for arm 7.0.1/armtools/bin/../lib/gcc/arm-atollic-eabi/5.3.1/../../../../arm-atollic-eabi/lib/armv7e-m/fpu\libc.a(lib_a-fwalk.o)
                0x080035fc                _fwalk_reent
 .text._malloc_r
                0x08003638      0x440 c:/program files (x86)/atollic/truestudio for arm 7.0.1/armtools/bin/../lib/gcc/arm-atollic-eabi/5.3.1/../../../../arm-atollic-eabi/lib/armv7e-m/fpu\libc.a(lib_a-mallocr.o)
                0x08003638                _malloc_r
 .text.memcpy   0x08003a78       0x16 c:/program files (x86)/atollic/truestudio for arm 7.0.1/armtools/bin/../lib/gcc/arm-atollic-eabi/5.3.1/../../../../arm-atollic-eabi/lib/armv7e-m/fpu\libc.a(lib_a-memcpy-stub.o)
                0x08003a78                memcpy
 .text.memmove  0x08003a8e       0x36 c:/program files (x86)/atollic/truestudio for arm 7.0.1/armtools/bin/../lib/gcc/arm-atollic-eabi/5.3.1/../../../../arm-atollic-eabi/lib/armv7e-m/fpu\libc.a(lib_a-memmove.o)
                0x08003a8e                memmove
 .text.memset   0x08003ac4       0x10 c:/program files (x86)/atollic/truestudio for arm 7.0.1/armtools/bin/../lib/gcc/arm-atollic-eabi/5.3.1/../../../../arm-atollic-eabi/lib/armv7e-m/fpu\libc.a(lib_a-memset.o)
                0x08003ac4                memset
 .text.__malloc_lock
                0x08003ad4        0x2 c:/program files (x86)/atollic/truestudio for arm 7.0.1/armtools/bin/../lib/gcc/arm-atollic-eabi/5.3.1/../../../../arm-atollic-eabi/lib/armv7e-m/fpu\libc.a(lib_a-mlock.o)
                0x08003ad4                __malloc_lock
 .text.__malloc_unlock
                0x08003ad6        0x2 c:/program files (x86)/atollic/truestudio for arm 7.0.1/armtools/bin/../lib/gcc/arm-atollic-eabi/5.3.1/../../../../arm-atollic-eabi/lib/armv7e-m/fpu\libc.a(lib_a-mlock.o)
                0x08003ad6                __malloc_unlock
 .text._realloc_r
                0x08003ad8      0x350 c:/program files (x86)/atollic/truestudio for arm 7.0.1/armtools/bin/../lib/gcc/arm-atollic-eabi/5.3.1/../../../../arm-atollic-eabi/lib/armv7e-m/fpu\libc.a(lib_a-reallocr.o)
                0x08003ad8                _realloc_r
 .text._sbrk_r  0x08003e28       0x20 c:/program files (x86)/atollic/truestudio for arm 7.0.1/armtools/bin/../lib/gcc/arm-atollic-eabi/5.3.1/../../../../arm-atollic-eabi/lib/armv7e-m/fpu\libc.a(lib_a-sbrkr.o)
                0x08003e28                _sbrk_r
 .text.__sread  0x08003e48       0x22 c:/program files (x86)/atollic/truestudio for arm 7.0.1/armtools/bin/../lib/gcc/arm-atollic-eabi/5.3.1/../../../../arm-atollic-eabi/lib/armv7e-m/fpu\libc.a(lib_a-stdio.o)
                0x08003e48                __sread
 .text.__swrite
                0x08003e6a       0x38 c:/program files (x86)/atollic/truestudio for arm 7.0.1/armtools/bin/../lib/gcc/arm-atollic-eabi/5.3.1/../../../../arm-atollic-eabi/lib/armv7e-m/fpu\libc.a(lib_a-stdio.o)
                0x08003e6a                __swrite
 .text.__sseek  0x08003ea2       0x24 c:/program files (x86)/atollic/truestudio for arm 7.0.1/armtools/bin/../lib/gcc/arm-atollic-eabi/5.3.1/../../../../arm-atollic-eabi/lib/armv7e-m/fpu\libc.a(lib_a-stdio.o)
                0x08003ea2                __sseek
 .text.__sclose
                0x08003ec6        0x8 c:/program files (x86)/atollic/truestudio for arm 7.0.1/armtools/bin/../lib/gcc/arm-atollic-eabi/5.3.1/../../../../arm-atollic-eabi/lib/armv7e-m/fpu\libc.a(lib_a-stdio.o)
                0x08003ec6                __sclose
 *fill*         0x08003ece        0x2 
 .text._write_r
                0x08003ed0       0x24 c:/program files (x86)/atollic/truestudio for arm 7.0.1/armtools/bin/../lib/gcc/arm-atollic-eabi/5.3.1/../../../../arm-atollic-eabi/lib/armv7e-m/fpu\libc.a(lib_a-writer.o)
                0x08003ed0                _write_r
 .text.__swsetup_r
                0x08003ef4       0xdc c:/program files (x86)/atollic/truestudio for arm 7.0.1/armtools/bin/../lib/gcc/arm-atollic-eabi/5.3.1/../../../../arm-atollic-eabi/lib/armv7e-m/fpu\libc.a(lib_a-wsetup.o)
                0x08003ef4                __swsetup_r
 .text._close_r
                0x08003fd0       0x20 c:/program files (x86)/atollic/truestudio for arm 7.0.1/armtools/bin/../lib/gcc/arm-atollic-eabi/5.3.1/../../../../arm-atollic-eabi/lib/armv7e-m/fpu\libc.a(lib_a-closer.o)
                0x08003fd0                _close_r
 .text._fclose_r
                0x08003ff0       0xa4 c:/program files (x86)/atollic/truestudio for arm 7.0.1/armtools/bin/../lib/gcc/arm-atollic-eabi/5.3.1/../../../../arm-atollic-eabi/lib/armv7e-m/fpu\libc.a(lib_a-fclose.o)
                0x08003ff0                _fclose_r
 .text.__sflush_r
                0x08004094      0x120 c:/program files (x86)/atollic/truestudio for arm 7.0.1/armtools/bin/../lib/gcc/arm-atollic-eabi/5.3.1/../../../../arm-atollic-eabi/lib/armv7e-m/fpu\libc.a(lib_a-fflush.o)
                0x08004094                __sflush_r
 .text._fflush_r
                0x080041b4       0x54 c:/program files (x86)/atollic/truestudio for arm 7.0.1/armtools/bin/../lib/gcc/arm-atollic-eabi/5.3.1/../../../../arm-atollic-eabi/lib/armv7e-m/fpu\libc.a(lib_a-fflush.o)
                0x080041b4                _fflush_r
 .text._lseek_r
                0x08004208       0x24 c:/program files (x86)/atollic/truestudio for arm 7.0.1/armtools/bin/../lib/gcc/arm-atollic-eabi/5.3.1/../../../../arm-atollic-eabi/lib/armv7e-m/fpu\libc.a(lib_a-lseekr.o)
                0x08004208                _lseek_r
 .text.__swhatbuf_r
                0x0800422c       0x58 c:/program files (x86)/atollic/truestudio for arm 7.0.1/armtools/bin/../lib/gcc/arm-atollic-eabi/5.3.1/../../../../arm-atollic-eabi/lib/armv7e-m/fpu\libc.a(lib_a-makebuf.o)
                0x0800422c                __swhatbuf_r
 .text.__smakebuf_r
                0x08004284       0x78 c:/program files (x86)/atollic/truestudio for arm 7.0.1/armtools/bin/../lib/gcc/arm-atollic-eabi/5.3.1/../../../../arm-atollic-eabi/lib/armv7e-m/fpu\libc.a(lib_a-makebuf.o)
                0x08004284                __smakebuf_r
 .text._read_r  0x080042fc       0x24 c:/program files (x86)/atollic/truestudio for arm 7.0.1/armtools/bin/../lib/gcc/arm-atollic-eabi/5.3.1/../../../../arm-atollic-eabi/lib/armv7e-m/fpu\libc.a(lib_a-readr.o)
                0x080042fc                _read_r
 .text._fstat_r
                0x08004320       0x24 c:/program files (x86)/atollic/truestudio for arm 7.0.1/armtools/bin/../lib/gcc/arm-atollic-eabi/5.3.1/../../../../arm-atollic-eabi/lib/armv7e-m/fpu\libc.a(lib_a-fstatr.o)
                0x08004320                _fstat_r
 .text._isatty_r
                0x08004344       0x20 c:/program files (x86)/atollic/truestudio for arm 7.0.1/armtools/bin/../lib/gcc/arm-atollic-eabi/5.3.1/../../../../arm-atollic-eabi/lib/armv7e-m/fpu\libc.a(lib_a-isattyr.o)
                0x08004344                _isatty_r
 *(.glue_7)
 .glue_7        0x08004364        0x0 linker stubs
 *(.glue_7t)
 .glue_7t       0x08004364        0x0 linker stubs
 *(.eh_frame)
 .eh_frame      0x08004364        0x0 c:/program files (x86)/atollic/truestudio for arm 7.0.1/armtools/bin/../lib/gcc/arm-atollic-eabi/5.3.1/armv7e-m/fpu/crtbegin.o
 *(.init)
 .init          0x08004364        0x4 c:/program files (x86)/atollic/truestudio for arm 7.0.1/armtools/bin/../lib/gcc/arm-atollic-eabi/5.3.1/armv7e-m/fpu/crti.o
                0x08004364                _init
 .init          0x08004368        0x8 c:/program files (x86)/atollic/truestudio for arm 7.0.1/armtools/bin/../lib/gcc/arm-atollic-eabi/5.3.1/armv7e-m/fpu/crtn.o
 *(.fini)
 .fini          0x08004370        0x4 c:/program files (x86)/atollic/truestudio for arm 7.0.1/armtools/bin/../lib/gcc/arm-atollic-eabi/5.3.1/armv7e-m/fpu/crti.o
                0x08004370                _fini
 .fini          0x08004374        0x8 c:/program files (x86)/atollic/truestudio for arm 7.0.1/armtools/bin/../lib/gcc/arm-atollic-eabi/5.3.1/armv7e-m/fpu/crtn.o
                0x0800437c                . = ALIGN (0x4)
                0x0800437c                _etext = .

.vfp11_veneer   0x0800437c        0x0
 .vfp11_veneer  0x0800437c        0x0 linker stubs

.v4_bx          0x0800437c        0x0
 .v4_bx         0x0800437c        0x0 linker stubs

.iplt           0x0800437c        0x0
 .iplt          0x0800437c        0x0 c:/program files (x86)/atollic/truestudio for arm 7.0.1/armtools/bin/../lib/gcc/arm-atollic-eabi/5.3.1/armv7e-m/fpu/crtbegin.o

.rodata         0x0800437c       0xf0
                0x0800437c                . = ALIGN (0x4)
 *(.rodata)
 *(.rodata*)
 .rodata.CSWTCH.50
                0x0800437c        0x4 Drivers\STM32L4xx_HAL_Driver\Src\stm32l4xx_hal_uart.o
 .rodata.CSWTCH.51
                0x08004380        0xd Drivers\STM32L4xx_HAL_Driver\Src\stm32l4xx_hal_uart.o
 .rodata.str1.1
                0x0800438d       0x16 Src\main.o
 .rodata.str1.1
                0x080043a3       0x12 Src\syscalls.o
 .rodata.AHBPrescTable
                0x080043b5       0x10 Src\system_stm32l4xx.o
                0x080043b5                AHBPrescTable
 .rodata.APBPrescTable
                0x080043c5        0x8 Src\system_stm32l4xx.o
                0x080043c5                APBPrescTable
 *fill*         0x080043cd        0x3 
 .rodata.MSIRangeTable
                0x080043d0       0x30 Src\system_stm32l4xx.o
                0x080043d0                MSIRangeTable
 .rodata.str1.1
                0x08004400        0x2 c:/program files (x86)/atollic/truestudio for arm 7.0.1/armtools/bin/../lib/gcc/arm-atollic-eabi/5.3.1/../../../../arm-atollic-eabi/lib/armv7e-m/fpu\libc.a(lib_a-puts.o)
 *fill*         0x08004402        0x2 
 .rodata.__sf_fake_stdin
                0x08004404       0x20 c:/program files (x86)/atollic/truestudio for arm 7.0.1/armtools/bin/../lib/gcc/arm-atollic-eabi/5.3.1/../../../../arm-atollic-eabi/lib/armv7e-m/fpu\libc.a(lib_a-findfp.o)
                0x08004404                __sf_fake_stdin
 .rodata.__sf_fake_stdout
                0x08004424       0x20 c:/program files (x86)/atollic/truestudio for arm 7.0.1/armtools/bin/../lib/gcc/arm-atollic-eabi/5.3.1/../../../../arm-atollic-eabi/lib/armv7e-m/fpu\libc.a(lib_a-findfp.o)
                0x08004424                __sf_fake_stdout
 .rodata.__sf_fake_stderr
                0x08004444       0x20 c:/program files (x86)/atollic/truestudio for arm 7.0.1/armtools/bin/../lib/gcc/arm-atollic-eabi/5.3.1/../../../../arm-atollic-eabi/lib/armv7e-m/fpu\libc.a(lib_a-findfp.o)
                0x08004444                __sf_fake_stderr
 .rodata.str1.1
                0x08004464        0x2 c:/program files (x86)/atollic/truestudio for arm 7.0.1/armtools/bin/../lib/gcc/arm-atollic-eabi/5.3.1/../../../../arm-atollic-eabi/lib/armv7e-m/fpu\libc.a(lib_a-impure.o)
 *fill*         0x08004466        0x2 
 .rodata._global_impure_ptr
                0x08004468        0x4 c:/program files (x86)/atollic/truestudio for arm 7.0.1/armtools/bin/../lib/gcc/arm-atollic-eabi/5.3.1/../../../../arm-atollic-eabi/lib/armv7e-m/fpu\libc.a(lib_a-impure.o)
                0x08004468                _global_impure_ptr
                0x0800446c                . = ALIGN (0x4)

.ARM.extab
 *(.ARM.extab* .gnu.linkonce.armextab.*)

.ARM            0x0800446c        0x8
                0x0800446c                __exidx_start = .
 *(.ARM.exidx*)
 .ARM.exidx     0x0800446c        0x8 c:/program files (x86)/atollic/truestudio for arm 7.0.1/armtools/bin/../lib/gcc/arm-atollic-eabi/5.3.1/armv7e-m/fpu\libgcc.a(_udivmoddi4.o)
                0x08004474                __exidx_end = .

.rel.dyn        0x08004474        0x0
 .rel.iplt      0x08004474        0x0 c:/program files (x86)/atollic/truestudio for arm 7.0.1/armtools/bin/../lib/gcc/arm-atollic-eabi/5.3.1/armv7e-m/fpu/crtbegin.o

.preinit_array  0x08004474        0x0
                0x08004474                PROVIDE (__preinit_array_start, .)
 *(.preinit_array*)
                0x08004474                PROVIDE (__preinit_array_end, .)

.init_array     0x08004474        0x4
                0x08004474                PROVIDE (__init_array_start, .)
 *(SORT(.init_array.*))
 *(.init_array*)
 .init_array    0x08004474        0x4 c:/program files (x86)/atollic/truestudio for arm 7.0.1/armtools/bin/../lib/gcc/arm-atollic-eabi/5.3.1/armv7e-m/fpu/crtbegin.o
                0x08004478                PROVIDE (__init_array_end, .)

.fini_array     0x08004478        0x4
                [!provide]                PROVIDE (__fini_array_start, .)
 *(SORT(.fini_array.*))
 *(.fini_array*)
 .fini_array    0x08004478        0x4 c:/program files (x86)/atollic/truestudio for arm 7.0.1/armtools/bin/../lib/gcc/arm-atollic-eabi/5.3.1/armv7e-m/fpu/crtbegin.o
                [!provide]                PROVIDE (__fini_array_end, .)
                0x0800447c                _sidata = LOADADDR (.data)

.data           0x20000000      0x508 load address 0x0800447c
                0x20000000                . = ALIGN (0x4)
                0x20000000                _sdata = .
 *(.data)
 *(.data*)
 .data.SystemCoreClock
                0x20000000        0x4 Src\system_stm32l4xx.o
                0x20000000                SystemCoreClock
 .data.impure_data
                0x20000004       0xf0 c:/program files (x86)/atollic/truestudio for arm 7.0.1/armtools/bin/../lib/gcc/arm-atollic-eabi/5.3.1/../../../../arm-atollic-eabi/lib/armv7e-m/fpu\libc.a(lib_a-impure.o)
 .data._impure_ptr
                0x200000f4        0x4 c:/program files (x86)/atollic/truestudio for arm 7.0.1/armtools/bin/../lib/gcc/arm-atollic-eabi/5.3.1/../../../../arm-atollic-eabi/lib/armv7e-m/fpu\libc.a(lib_a-impure.o)
                0x200000f4                _impure_ptr
 .data.__malloc_av_
                0x200000f8      0x408 c:/program files (x86)/atollic/truestudio for arm 7.0.1/armtools/bin/../lib/gcc/arm-atollic-eabi/5.3.1/../../../../arm-atollic-eabi/lib/armv7e-m/fpu\libc.a(lib_a-mallocr.o)
                0x200000f8                __malloc_av_
 .data.__malloc_trim_threshold
                0x20000500        0x4 c:/program files (x86)/atollic/truestudio for arm 7.0.1/armtools/bin/../lib/gcc/arm-atollic-eabi/5.3.1/../../../../arm-atollic-eabi/lib/armv7e-m/fpu\libc.a(lib_a-mallocr.o)
                0x20000500                __malloc_trim_threshold
 .data.__malloc_sbrk_base
                0x20000504        0x4 c:/program files (x86)/atollic/truestudio for arm 7.0.1/armtools/bin/../lib/gcc/arm-atollic-eabi/5.3.1/../../../../arm-atollic-eabi/lib/armv7e-m/fpu\libc.a(lib_a-mallocr.o)
                0x20000504                __malloc_sbrk_base
                0x20000508                . = ALIGN (0x4)
                0x20000508                _edata = .

.igot.plt       0x20000508        0x0 load address 0x08004984
 .igot.plt      0x20000508        0x0 c:/program files (x86)/atollic/truestudio for arm 7.0.1/armtools/bin/../lib/gcc/arm-atollic-eabi/5.3.1/armv7e-m/fpu/crtbegin.o
                0x20000508                . = ALIGN (0x4)

.bss            0x20000508      0x170 load address 0x08004984
                0x20000508                _sbss = .
                0x20000508                __bss_start__ = _sbss
 *(.bss)
 .bss           0x20000508       0x1c c:/program files (x86)/atollic/truestudio for arm 7.0.1/armtools/bin/../lib/gcc/arm-atollic-eabi/5.3.1/armv7e-m/fpu/crtbegin.o
 *(.bss*)
 .bss.heap_end.8976
                0x20000524        0x4 Src\syscalls.o
 .bss.__malloc_max_total_mem
                0x20000528        0x4 c:/program files (x86)/atollic/truestudio for arm 7.0.1/armtools/bin/../lib/gcc/arm-atollic-eabi/5.3.1/../../../../arm-atollic-eabi/lib/armv7e-m/fpu\libc.a(lib_a-mallocr.o)
                0x20000528                __malloc_max_total_mem
 .bss.__malloc_max_sbrked_mem
                0x2000052c        0x4 c:/program files (x86)/atollic/truestudio for arm 7.0.1/armtools/bin/../lib/gcc/arm-atollic-eabi/5.3.1/../../../../arm-atollic-eabi/lib/armv7e-m/fpu\libc.a(lib_a-mallocr.o)
                0x2000052c                __malloc_max_sbrked_mem
 .bss.__malloc_top_pad
                0x20000530        0x4 c:/program files (x86)/atollic/truestudio for arm 7.0.1/armtools/bin/../lib/gcc/arm-atollic-eabi/5.3.1/../../../../arm-atollic-eabi/lib/armv7e-m/fpu\libc.a(lib_a-mallocr.o)
                0x20000530                __malloc_top_pad
 .bss.__malloc_current_mallinfo
                0x20000534       0x28 c:/program files (x86)/atollic/truestudio for arm 7.0.1/armtools/bin/../lib/gcc/arm-atollic-eabi/5.3.1/../../../../arm-atollic-eabi/lib/armv7e-m/fpu\libc.a(lib_a-mallocr.o)
                0x20000534                __malloc_current_mallinfo
 *(COMMON)
 COMMON         0x2000055c        0x4 Drivers\STM32L4xx_HAL_Driver\Src\stm32l4xx_hal.o
                0x2000055c                uwTick
 COMMON         0x20000560      0x114 Src\main.o
                0x20000560                hadc1
                0x200005c8                htim1
                0x20000604                huart2
 COMMON         0x20000674        0x4 c:/program files (x86)/atollic/truestudio for arm 7.0.1/armtools/bin/../lib/gcc/arm-atollic-eabi/5.3.1/../../../../arm-atollic-eabi/lib/armv7e-m/fpu\libc.a(lib_a-reent.o)
                0x20000674                errno
                0x20000678                . = ALIGN (0x4)
                0x20000678                _ebss = .
                0x20000678                __bss_end__ = _ebss

._user_heap_stack
                0x20000678      0x600 load address 0x08004984
                0x20000678                . = ALIGN (0x4)
                0x20000678                PROVIDE (end, .)
                [!provide]                PROVIDE (_end, .)
                0x20000878                . = (. + _Min_Heap_Size)
 *fill*         0x20000678      0x200 
                0x20000c78                . = (. + _Min_Stack_Size)
 *fill*         0x20000878      0x400 
                0x20000c78                . = ALIGN (0x4)

/DISCARD/
 libc.a(*)
 libm.a(*)
 libgcc.a(*)

.ARM.attributes
                0x00000000       0x30
 *(.ARM.attributes)
 .ARM.attributes
                0x00000000       0x22 c:/program files (x86)/atollic/truestudio for arm 7.0.1/armtools/bin/../lib/gcc/arm-atollic-eabi/5.3.1/armv7e-m/fpu/crti.o
 .ARM.attributes
                0x00000022       0x34 c:/program files (x86)/atollic/truestudio for arm 7.0.1/armtools/bin/../lib/gcc/arm-atollic-eabi/5.3.1/armv7e-m/fpu/crtbegin.o
 .ARM.attributes
                0x00000056       0x39 Drivers\STM32L4xx_HAL_Driver\Src\stm32l4xx_hal.o
 .ARM.attributes
                0x0000008f       0x39 Drivers\STM32L4xx_HAL_Driver\Src\stm32l4xx_hal_adc.o
 .ARM.attributes
                0x000000c8       0x39 Drivers\STM32L4xx_HAL_Driver\Src\stm32l4xx_hal_cortex.o
 .ARM.attributes
                0x00000101       0x39 Drivers\STM32L4xx_HAL_Driver\Src\stm32l4xx_hal_gpio.o
 .ARM.attributes
                0x0000013a       0x39 Drivers\STM32L4xx_HAL_Driver\Src\stm32l4xx_hal_pwr_ex.o
 .ARM.attributes
                0x00000173       0x39 Drivers\STM32L4xx_HAL_Driver\Src\stm32l4xx_hal_rcc.o
 .ARM.attributes
                0x000001ac       0x39 Drivers\STM32L4xx_HAL_Driver\Src\stm32l4xx_hal_rcc_ex.o
 .ARM.attributes
                0x000001e5       0x39 Drivers\STM32L4xx_HAL_Driver\Src\stm32l4xx_hal_tim.o
 .ARM.attributes
                0x0000021e       0x39 Drivers\STM32L4xx_HAL_Driver\Src\stm32l4xx_hal_tim_ex.o
 .ARM.attributes
                0x00000257       0x39 Drivers\STM32L4xx_HAL_Driver\Src\stm32l4xx_hal_uart.o
 .ARM.attributes
                0x00000290       0x39 Src\HD44780_F3.o
 .ARM.attributes
                0x000002c9       0x39 Src\main.o
 .ARM.attributes
                0x00000302       0x39 Src\stm32l4xx_hal_msp.o
 .ARM.attributes
                0x0000033b       0x39 Src\stm32l4xx_it.o
 .ARM.attributes
                0x00000374       0x39 Src\syscalls.o
 .ARM.attributes
                0x000003ad       0x39 Src\system_stm32l4xx.o
 .ARM.attributes
                0x000003e6       0x21 startup\startup_stm32l432xx.o
 .ARM.attributes
                0x00000407       0x34 c:/program files (x86)/atollic/truestudio for arm 7.0.1/armtools/bin/../lib/gcc/arm-atollic-eabi/5.3.1/../../../../arm-atollic-eabi/lib/armv7e-m/fpu\libc.a(lib_a-init.o)
 .ARM.attributes
                0x0000043b       0x34 c:/program files (x86)/atollic/truestudio for arm 7.0.1/armtools/bin/../lib/gcc/arm-atollic-eabi/5.3.1/../../../../arm-atollic-eabi/lib/armv7e-m/fpu\libc.a(lib_a-puts.o)
 .ARM.attributes
                0x0000046f       0x34 c:/program files (x86)/atollic/truestudio for arm 7.0.1/armtools/bin/../lib/gcc/arm-atollic-eabi/5.3.1/../../../../arm-atollic-eabi/lib/armv7e-m/fpu\libc.a(lib_a-reent.o)
 .ARM.attributes
                0x000004a3       0x1b c:/program files (x86)/atollic/truestudio for arm 7.0.1/armtools/bin/../lib/gcc/arm-atollic-eabi/5.3.1/../../../../arm-atollic-eabi/lib/armv7e-m/fpu\libc.a(lib_a-strlen.o)
 .ARM.attributes
                0x000004be       0x34 c:/program files (x86)/atollic/truestudio for arm 7.0.1/armtools/bin/../lib/gcc/arm-atollic-eabi/5.3.1/../../../../arm-atollic-eabi/lib/armv7e-m/fpu\libc.a(lib_a-findfp.o)
 .ARM.attributes
                0x000004f2       0x34 c:/program files (x86)/atollic/truestudio for arm 7.0.1/armtools/bin/../lib/gcc/arm-atollic-eabi/5.3.1/../../../../arm-atollic-eabi/lib/armv7e-m/fpu\libc.a(lib_a-freer.o)
 .ARM.attributes
                0x00000526       0x34 c:/program files (x86)/atollic/truestudio for arm 7.0.1/armtools/bin/../lib/gcc/arm-atollic-eabi/5.3.1/../../../../arm-atollic-eabi/lib/armv7e-m/fpu\libc.a(lib_a-fvwrite.o)
 .ARM.attributes
                0x0000055a       0x34 c:/program files (x86)/atollic/truestudio for arm 7.0.1/armtools/bin/../lib/gcc/arm-atollic-eabi/5.3.1/../../../../arm-atollic-eabi/lib/armv7e-m/fpu\libc.a(lib_a-fwalk.o)
 .ARM.attributes
                0x0000058e       0x34 c:/program files (x86)/atollic/truestudio for arm 7.0.1/armtools/bin/../lib/gcc/arm-atollic-eabi/5.3.1/../../../../arm-atollic-eabi/lib/armv7e-m/fpu\libc.a(lib_a-impure.o)
 .ARM.attributes
                0x000005c2       0x34 c:/program files (x86)/atollic/truestudio for arm 7.0.1/armtools/bin/../lib/gcc/arm-atollic-eabi/5.3.1/../../../../arm-atollic-eabi/lib/armv7e-m/fpu\libc.a(lib_a-mallocr.o)
 .ARM.attributes
                0x000005f6       0x20 c:/program files (x86)/atollic/truestudio for arm 7.0.1/armtools/bin/../lib/gcc/arm-atollic-eabi/5.3.1/../../../../arm-atollic-eabi/lib/armv7e-m/fpu\libc.a(lib_a-memchr.o)
 .ARM.attributes
                0x00000616       0x34 c:/program files (x86)/atollic/truestudio for arm 7.0.1/armtools/bin/../lib/gcc/arm-atollic-eabi/5.3.1/../../../../arm-atollic-eabi/lib/armv7e-m/fpu\libc.a(lib_a-memcpy-stub.o)
 .ARM.attributes
                0x0000064a       0x34 c:/program files (x86)/atollic/truestudio for arm 7.0.1/armtools/bin/../lib/gcc/arm-atollic-eabi/5.3.1/../../../../arm-atollic-eabi/lib/armv7e-m/fpu\libc.a(lib_a-memmove.o)
 .ARM.attributes
                0x0000067e       0x34 c:/program files (x86)/atollic/truestudio for arm 7.0.1/armtools/bin/../lib/gcc/arm-atollic-eabi/5.3.1/../../../../arm-atollic-eabi/lib/armv7e-m/fpu\libc.a(lib_a-memset.o)
 .ARM.attributes
                0x000006b2       0x34 c:/program files (x86)/atollic/truestudio for arm 7.0.1/armtools/bin/../lib/gcc/arm-atollic-eabi/5.3.1/../../../../arm-atollic-eabi/lib/armv7e-m/fpu\libc.a(lib_a-mlock.o)
 .ARM.attributes
                0x000006e6       0x34 c:/program files (x86)/atollic/truestudio for arm 7.0.1/armtools/bin/../lib/gcc/arm-atollic-eabi/5.3.1/../../../../arm-atollic-eabi/lib/armv7e-m/fpu\libc.a(lib_a-reallocr.o)
 .ARM.attributes
                0x0000071a       0x34 c:/program files (x86)/atollic/truestudio for arm 7.0.1/armtools/bin/../lib/gcc/arm-atollic-eabi/5.3.1/../../../../arm-atollic-eabi/lib/armv7e-m/fpu\libc.a(lib_a-sbrkr.o)
 .ARM.attributes
                0x0000074e       0x34 c:/program files (x86)/atollic/truestudio for arm 7.0.1/armtools/bin/../lib/gcc/arm-atollic-eabi/5.3.1/../../../../arm-atollic-eabi/lib/armv7e-m/fpu\libc.a(lib_a-stdio.o)
 .ARM.attributes
                0x00000782       0x34 c:/program files (x86)/atollic/truestudio for arm 7.0.1/armtools/bin/../lib/gcc/arm-atollic-eabi/5.3.1/../../../../arm-atollic-eabi/lib/armv7e-m/fpu\libc.a(lib_a-writer.o)
 .ARM.attributes
                0x000007b6       0x34 c:/program files (x86)/atollic/truestudio for arm 7.0.1/armtools/bin/../lib/gcc/arm-atollic-eabi/5.3.1/../../../../arm-atollic-eabi/lib/armv7e-m/fpu\libc.a(lib_a-wsetup.o)
 .ARM.attributes
                0x000007ea       0x34 c:/program files (x86)/atollic/truestudio for arm 7.0.1/armtools/bin/../lib/gcc/arm-atollic-eabi/5.3.1/../../../../arm-atollic-eabi/lib/armv7e-m/fpu\libc.a(lib_a-closer.o)
 .ARM.attributes
                0x0000081e       0x34 c:/program files (x86)/atollic/truestudio for arm 7.0.1/armtools/bin/../lib/gcc/arm-atollic-eabi/5.3.1/../../../../arm-atollic-eabi/lib/armv7e-m/fpu\libc.a(lib_a-fclose.o)
 .ARM.attributes
                0x00000852       0x34 c:/program files (x86)/atollic/truestudio for arm 7.0.1/armtools/bin/../lib/gcc/arm-atollic-eabi/5.3.1/../../../../arm-atollic-eabi/lib/armv7e-m/fpu\libc.a(lib_a-fflush.o)
 .ARM.attributes
                0x00000886       0x34 c:/program files (x86)/atollic/truestudio for arm 7.0.1/armtools/bin/../lib/gcc/arm-atollic-eabi/5.3.1/../../../../arm-atollic-eabi/lib/armv7e-m/fpu\libc.a(lib_a-lseekr.o)
 .ARM.attributes
                0x000008ba       0x34 c:/program files (x86)/atollic/truestudio for arm 7.0.1/armtools/bin/../lib/gcc/arm-atollic-eabi/5.3.1/../../../../arm-atollic-eabi/lib/armv7e-m/fpu\libc.a(lib_a-makebuf.o)
 .ARM.attributes
                0x000008ee       0x34 c:/program files (x86)/atollic/truestudio for arm 7.0.1/armtools/bin/../lib/gcc/arm-atollic-eabi/5.3.1/../../../../arm-atollic-eabi/lib/armv7e-m/fpu\libc.a(lib_a-readr.o)
 .ARM.attributes
                0x00000922       0x34 c:/program files (x86)/atollic/truestudio for arm 7.0.1/armtools/bin/../lib/gcc/arm-atollic-eabi/5.3.1/../../../../arm-atollic-eabi/lib/armv7e-m/fpu\libc.a(lib_a-fstatr.o)
 .ARM.attributes
                0x00000956       0x34 c:/program files (x86)/atollic/truestudio for arm 7.0.1/armtools/bin/../lib/gcc/arm-atollic-eabi/5.3.1/../../../../arm-atollic-eabi/lib/armv7e-m/fpu\libc.a(lib_a-isattyr.o)
 .ARM.attributes
                0x0000098a       0x22 c:/program files (x86)/atollic/truestudio for arm 7.0.1/armtools/bin/../lib/gcc/arm-atollic-eabi/5.3.1/armv7e-m/fpu\libgcc.a(_aeabi_uldivmod.o)
 .ARM.attributes
                0x000009ac       0x34 c:/program files (x86)/atollic/truestudio for arm 7.0.1/armtools/bin/../lib/gcc/arm-atollic-eabi/5.3.1/armv7e-m/fpu\libgcc.a(_udivmoddi4.o)
 .ARM.attributes
                0x000009e0       0x22 c:/program files (x86)/atollic/truestudio for arm 7.0.1/armtools/bin/../lib/gcc/arm-atollic-eabi/5.3.1/armv7e-m/fpu\libgcc.a(_dvmd_tls.o)
 .ARM.attributes
                0x00000a02       0x22 c:/program files (x86)/atollic/truestudio for arm 7.0.1/armtools/bin/../lib/gcc/arm-atollic-eabi/5.3.1/armv7e-m/fpu/crtn.o
OUTPUT(VCP TIM1 Template.elf elf32-littlearm)

.debug_info     0x00000000    0x10fdb
 .debug_info    0x00000000      0x903 Drivers\STM32L4xx_HAL_Driver\Src\stm32l4xx_hal.o
 .debug_info    0x00000903     0x16d7 Drivers\STM32L4xx_HAL_Driver\Src\stm32l4xx_hal_adc.o
 .debug_info    0x00001fda      0xe07 Drivers\STM32L4xx_HAL_Driver\Src\stm32l4xx_hal_cortex.o
 .debug_info    0x00002de1      0x7eb Drivers\STM32L4xx_HAL_Driver\Src\stm32l4xx_hal_gpio.o
 .debug_info    0x000035cc      0x98d Drivers\STM32L4xx_HAL_Driver\Src\stm32l4xx_hal_pwr_ex.o
 .debug_info    0x00003f59     0x10e5 Drivers\STM32L4xx_HAL_Driver\Src\stm32l4xx_hal_rcc.o
 .debug_info    0x0000503e     0x152b Drivers\STM32L4xx_HAL_Driver\Src\stm32l4xx_hal_rcc_ex.o
 .debug_info    0x00006569     0x2ef8 Drivers\STM32L4xx_HAL_Driver\Src\stm32l4xx_hal_tim.o
 .debug_info    0x00009461     0x1141 Drivers\STM32L4xx_HAL_Driver\Src\stm32l4xx_hal_tim_ex.o
 .debug_info    0x0000a5a2     0x19d8 Drivers\STM32L4xx_HAL_Driver\Src\stm32l4xx_hal_uart.o
 .debug_info    0x0000bf7a      0xab3 Src\HD44780_F3.o
 .debug_info    0x0000ca2d     0x1d46 Src\main.o
 .debug_info    0x0000e773     0x147d Src\stm32l4xx_hal_msp.o
 .debug_info    0x0000fbf0       0xe8 Src\stm32l4xx_it.o
 .debug_info    0x0000fcd8      0xca4 Src\syscalls.o
 .debug_info    0x0001097c      0x5bb Src\system_stm32l4xx.o
 .debug_info    0x00010f37       0xa4 startup\startup_stm32l432xx.o

.debug_abbrev   0x00000000     0x2577
 .debug_abbrev  0x00000000      0x1fe Drivers\STM32L4xx_HAL_Driver\Src\stm32l4xx_hal.o
 .debug_abbrev  0x000001fe      0x2a1 Drivers\STM32L4xx_HAL_Driver\Src\stm32l4xx_hal_adc.o
 .debug_abbrev  0x0000049f      0x313 Drivers\STM32L4xx_HAL_Driver\Src\stm32l4xx_hal_cortex.o
 .debug_abbrev  0x000007b2      0x1c8 Drivers\STM32L4xx_HAL_Driver\Src\stm32l4xx_hal_gpio.o
 .debug_abbrev  0x0000097a      0x25c Drivers\STM32L4xx_HAL_Driver\Src\stm32l4xx_hal_pwr_ex.o
 .debug_abbrev  0x00000bd6      0x2ca Drivers\STM32L4xx_HAL_Driver\Src\stm32l4xx_hal_rcc.o
 .debug_abbrev  0x00000ea0      0x30c Drivers\STM32L4xx_HAL_Driver\Src\stm32l4xx_hal_rcc_ex.o
 .debug_abbrev  0x000011ac      0x310 Drivers\STM32L4xx_HAL_Driver\Src\stm32l4xx_hal_tim.o
 .debug_abbrev  0x000014bc      0x270 Drivers\STM32L4xx_HAL_Driver\Src\stm32l4xx_hal_tim_ex.o
 .debug_abbrev  0x0000172c      0x333 Drivers\STM32L4xx_HAL_Driver\Src\stm32l4xx_hal_uart.o
 .debug_abbrev  0x00001a5f      0x222 Src\HD44780_F3.o
 .debug_abbrev  0x00001c81      0x2d3 Src\main.o
 .debug_abbrev  0x00001f54      0x1bf Src\stm32l4xx_hal_msp.o
 .debug_abbrev  0x00002113       0x93 Src\stm32l4xx_it.o
 .debug_abbrev  0x000021a6      0x29d Src\syscalls.o
 .debug_abbrev  0x00002443      0x122 Src\system_stm32l4xx.o
 .debug_abbrev  0x00002565       0x12 startup\startup_stm32l432xx.o

.debug_loc      0x00000000     0x8d6c
 .debug_loc     0x00000000       0x76 Drivers\STM32L4xx_HAL_Driver\Src\stm32l4xx_hal.o
 .debug_loc     0x00000076      0xf65 Drivers\STM32L4xx_HAL_Driver\Src\stm32l4xx_hal_adc.o
 .debug_loc     0x00000fdb      0x4ab Drivers\STM32L4xx_HAL_Driver\Src\stm32l4xx_hal_cortex.o
 .debug_loc     0x00001486      0x2a5 Drivers\STM32L4xx_HAL_Driver\Src\stm32l4xx_hal_gpio.o
 .debug_loc     0x0000172b      0x412 Drivers\STM32L4xx_HAL_Driver\Src\stm32l4xx_hal_pwr_ex.o
 .debug_loc     0x00001b3d      0x6d5 Drivers\STM32L4xx_HAL_Driver\Src\stm32l4xx_hal_rcc.o
 .debug_loc     0x00002212      0xe77 Drivers\STM32L4xx_HAL_Driver\Src\stm32l4xx_hal_rcc_ex.o
 .debug_loc     0x00003089     0x3155 Drivers\STM32L4xx_HAL_Driver\Src\stm32l4xx_hal_tim.o
 .debug_loc     0x000061de      0xd52 Drivers\STM32L4xx_HAL_Driver\Src\stm32l4xx_hal_tim_ex.o
 .debug_loc     0x00006f30     0x1675 Drivers\STM32L4xx_HAL_Driver\Src\stm32l4xx_hal_uart.o
 .debug_loc     0x000085a5      0x213 Src\HD44780_F3.o
 .debug_loc     0x000087b8       0x9b Src\main.o
 .debug_loc     0x00008853       0xbb Src\stm32l4xx_hal_msp.o
 .debug_loc     0x0000890e      0x2e7 Src\syscalls.o
 .debug_loc     0x00008bf5      0x177 Src\system_stm32l4xx.o

.debug_aranges  0x00000000      0xc08
 .debug_aranges
                0x00000000       0xe8 Drivers\STM32L4xx_HAL_Driver\Src\stm32l4xx_hal.o
 .debug_aranges
                0x000000e8       0xd0 Drivers\STM32L4xx_HAL_Driver\Src\stm32l4xx_hal_adc.o
 .debug_aranges
                0x000001b8       0x98 Drivers\STM32L4xx_HAL_Driver\Src\stm32l4xx_hal_cortex.o
 .debug_aranges
                0x00000250       0x58 Drivers\STM32L4xx_HAL_Driver\Src\stm32l4xx_hal_gpio.o
 .debug_aranges
                0x000002a8      0x100 Drivers\STM32L4xx_HAL_Driver\Src\stm32l4xx_hal_pwr_ex.o
 .debug_aranges
                0x000003a8       0x88 Drivers\STM32L4xx_HAL_Driver\Src\stm32l4xx_hal_rcc.o
 .debug_aranges
                0x00000430       0xd0 Drivers\STM32L4xx_HAL_Driver\Src\stm32l4xx_hal_rcc_ex.o
 .debug_aranges
                0x00000500      0x268 Drivers\STM32L4xx_HAL_Driver\Src\stm32l4xx_hal_tim.o
 .debug_aranges
                0x00000768      0x100 Drivers\STM32L4xx_HAL_Driver\Src\stm32l4xx_hal_tim_ex.o
 .debug_aranges
                0x00000868      0x188 Drivers\STM32L4xx_HAL_Driver\Src\stm32l4xx_hal_uart.o
 .debug_aranges
                0x000009f0       0x80 Src\HD44780_F3.o
 .debug_aranges
                0x00000a70       0x38 Src\main.o
 .debug_aranges
                0x00000aa8       0x58 Src\stm32l4xx_hal_msp.o
 .debug_aranges
                0x00000b00       0x20 Src\stm32l4xx_it.o
 .debug_aranges
                0x00000b20       0x98 Src\syscalls.o
 .debug_aranges
                0x00000bb8       0x28 Src\system_stm32l4xx.o
 .debug_aranges
                0x00000be0       0x28 startup\startup_stm32l432xx.o

.debug_ranges   0x00000000      0xee8
 .debug_ranges  0x00000000       0xd8 Drivers\STM32L4xx_HAL_Driver\Src\stm32l4xx_hal.o
 .debug_ranges  0x000000d8       0xf0 Drivers\STM32L4xx_HAL_Driver\Src\stm32l4xx_hal_adc.o
 .debug_ranges  0x000001c8      0x148 Drivers\STM32L4xx_HAL_Driver\Src\stm32l4xx_hal_cortex.o
 .debug_ranges  0x00000310       0x60 Drivers\STM32L4xx_HAL_Driver\Src\stm32l4xx_hal_gpio.o
 .debug_ranges  0x00000370       0xf0 Drivers\STM32L4xx_HAL_Driver\Src\stm32l4xx_hal_pwr_ex.o
 .debug_ranges  0x00000460       0xc0 Drivers\STM32L4xx_HAL_Driver\Src\stm32l4xx_hal_rcc.o
 .debug_ranges  0x00000520      0x1c8 Drivers\STM32L4xx_HAL_Driver\Src\stm32l4xx_hal_rcc_ex.o
 .debug_ranges  0x000006e8      0x318 Drivers\STM32L4xx_HAL_Driver\Src\stm32l4xx_hal_tim.o
 .debug_ranges  0x00000a00       0xf0 Drivers\STM32L4xx_HAL_Driver\Src\stm32l4xx_hal_tim_ex.o
 .debug_ranges  0x00000af0      0x178 Drivers\STM32L4xx_HAL_Driver\Src\stm32l4xx_hal_uart.o
 .debug_ranges  0x00000c68       0xa0 Src\HD44780_F3.o
 .debug_ranges  0x00000d08       0x60 Src\main.o
 .debug_ranges  0x00000d68       0xb0 Src\stm32l4xx_hal_msp.o
 .debug_ranges  0x00000e18       0x10 Src\stm32l4xx_it.o
 .debug_ranges  0x00000e28       0x88 Src\syscalls.o
 .debug_ranges  0x00000eb0       0x18 Src\system_stm32l4xx.o
 .debug_ranges  0x00000ec8       0x20 startup\startup_stm32l432xx.o

.debug_line     0x00000000     0x5fd8
 .debug_line    0x00000000      0x3f3 Drivers\STM32L4xx_HAL_Driver\Src\stm32l4xx_hal.o
 .debug_line    0x000003f3      0x9cf Drivers\STM32L4xx_HAL_Driver\Src\stm32l4xx_hal_adc.o
 .debug_line    0x00000dc2      0x3f2 Drivers\STM32L4xx_HAL_Driver\Src\stm32l4xx_hal_cortex.o
 .debug_line    0x000011b4      0x38f Drivers\STM32L4xx_HAL_Driver\Src\stm32l4xx_hal_gpio.o
 .debug_line    0x00001543      0x515 Drivers\STM32L4xx_HAL_Driver\Src\stm32l4xx_hal_pwr_ex.o
 .debug_line    0x00001a58      0x66d Drivers\STM32L4xx_HAL_Driver\Src\stm32l4xx_hal_rcc.o
 .debug_line    0x000020c5      0x848 Drivers\STM32L4xx_HAL_Driver\Src\stm32l4xx_hal_rcc_ex.o
 .debug_line    0x0000290d     0x1122 Drivers\STM32L4xx_HAL_Driver\Src\stm32l4xx_hal_tim.o
 .debug_line    0x00003a2f      0x70a Drivers\STM32L4xx_HAL_Driver\Src\stm32l4xx_hal_tim_ex.o
 .debug_line    0x00004139      0xc25 Drivers\STM32L4xx_HAL_Driver\Src\stm32l4xx_hal_uart.o
 .debug_line    0x00004d5e      0x339 Src\HD44780_F3.o
 .debug_line    0x00005097      0x43b Src\main.o
 .debug_line    0x000054d2      0x33b Src\stm32l4xx_hal_msp.o
 .debug_line    0x0000580d      0x1a1 Src\stm32l4xx_it.o
 .debug_line    0x000059ae      0x3c6 Src\syscalls.o
 .debug_line    0x00005d74      0x1e5 Src\system_stm32l4xx.o
 .debug_line    0x00005f59       0x7f startup\startup_stm32l432xx.o

.debug_str      0x00000000     0x454f
 .debug_str     0x00000000      0xa4e Drivers\STM32L4xx_HAL_Driver\Src\stm32l4xx_hal.o
                                0xab5 (size before relaxing)
 .debug_str     0x00000a4e      0x8ba Drivers\STM32L4xx_HAL_Driver\Src\stm32l4xx_hal_adc.o
                                0xbdc (size before relaxing)
 .debug_str     0x00001308      0x38c Drivers\STM32L4xx_HAL_Driver\Src\stm32l4xx_hal_cortex.o
                                0xb0e (size before relaxing)
 .debug_str     0x00001694      0x1d5 Drivers\STM32L4xx_HAL_Driver\Src\stm32l4xx_hal_gpio.o
                                0x5a2 (size before relaxing)
 .debug_str     0x00001869      0x444 Drivers\STM32L4xx_HAL_Driver\Src\stm32l4xx_hal_pwr_ex.o
                                0x788 (size before relaxing)
 .debug_str     0x00001cad      0x3a6 Drivers\STM32L4xx_HAL_Driver\Src\stm32l4xx_hal_rcc.o
                                0x87b (size before relaxing)
 .debug_str     0x00002053      0x5b0 Drivers\STM32L4xx_HAL_Driver\Src\stm32l4xx_hal_rcc_ex.o
                                0xb3d (size before relaxing)
 .debug_str     0x00002603      0xcb1 Drivers\STM32L4xx_HAL_Driver\Src\stm32l4xx_hal_tim.o
                               0x1174 (size before relaxing)
 .debug_str     0x000032b4      0x550 Drivers\STM32L4xx_HAL_Driver\Src\stm32l4xx_hal_tim_ex.o
                                0xcec (size before relaxing)
 .debug_str     0x00003804      0x88e Drivers\STM32L4xx_HAL_Driver\Src\stm32l4xx_hal_uart.o
                                0xeec (size before relaxing)
 .debug_str     0x00004092       0xff Src\HD44780_F3.o
                                0x50e (size before relaxing)
 .debug_str     0x00004191       0xe9 Src\main.o
                               0x1825 (size before relaxing)
 .debug_str     0x0000427a       0xa0 Src\stm32l4xx_hal_msp.o
                               0x1151 (size before relaxing)
 .debug_str     0x0000431a       0x26 Src\stm32l4xx_it.o
                                0x21f (size before relaxing)
 .debug_str     0x00004340      0x1d4 Src\syscalls.o
                                0x914 (size before relaxing)
 .debug_str     0x00004514       0x3b Src\system_stm32l4xx.o
                                0x43b (size before relaxing)

.comment        0x00000000       0x7e
 .comment       0x00000000       0x7e Drivers\STM32L4xx_HAL_Driver\Src\stm32l4xx_hal.o
                                 0x7f (size before relaxing)
 .comment       0x0000007e       0x7f Drivers\STM32L4xx_HAL_Driver\Src\stm32l4xx_hal_adc.o
 .comment       0x0000007e       0x7f Drivers\STM32L4xx_HAL_Driver\Src\stm32l4xx_hal_cortex.o
 .comment       0x0000007e       0x7f Drivers\STM32L4xx_HAL_Driver\Src\stm32l4xx_hal_gpio.o
 .comment       0x0000007e       0x7f Drivers\STM32L4xx_HAL_Driver\Src\stm32l4xx_hal_pwr_ex.o
 .comment       0x0000007e       0x7f Drivers\STM32L4xx_HAL_Driver\Src\stm32l4xx_hal_rcc.o
 .comment       0x0000007e       0x7f Drivers\STM32L4xx_HAL_Driver\Src\stm32l4xx_hal_rcc_ex.o
 .comment       0x0000007e       0x7f Drivers\STM32L4xx_HAL_Driver\Src\stm32l4xx_hal_tim.o
 .comment       0x0000007e       0x7f Drivers\STM32L4xx_HAL_Driver\Src\stm32l4xx_hal_tim_ex.o
 .comment       0x0000007e       0x7f Drivers\STM32L4xx_HAL_Driver\Src\stm32l4xx_hal_uart.o
 .comment       0x0000007e       0x7f Src\HD44780_F3.o
 .comment       0x0000007e       0x7f Src\main.o
 .comment       0x0000007e       0x7f Src\stm32l4xx_hal_msp.o
 .comment       0x0000007e       0x7f Src\stm32l4xx_it.o
 .comment       0x0000007e       0x7f Src\syscalls.o
 .comment       0x0000007e       0x7f Src\system_stm32l4xx.o

.debug_frame    0x00000000     0x2954
 .debug_frame   0x00000000      0x1e4 Drivers\STM32L4xx_HAL_Driver\Src\stm32l4xx_hal.o
 .debug_frame   0x000001e4      0x2c8 Drivers\STM32L4xx_HAL_Driver\Src\stm32l4xx_hal_adc.o
 .debug_frame   0x000004ac      0x130 Drivers\STM32L4xx_HAL_Driver\Src\stm32l4xx_hal_cortex.o
 .debug_frame   0x000005dc       0xd4 Drivers\STM32L4xx_HAL_Driver\Src\stm32l4xx_hal_gpio.o
 .debug_frame   0x000006b0      0x1f8 Drivers\STM32L4xx_HAL_Driver\Src\stm32l4xx_hal_pwr_ex.o
 .debug_frame   0x000008a8      0x150 Drivers\STM32L4xx_HAL_Driver\Src\stm32l4xx_hal_rcc.o
 .debug_frame   0x000009f8      0x274 Drivers\STM32L4xx_HAL_Driver\Src\stm32l4xx_hal_rcc_ex.o
 .debug_frame   0x00000c6c      0x8b0 Drivers\STM32L4xx_HAL_Driver\Src\stm32l4xx_hal_tim.o
 .debug_frame   0x0000151c      0x370 Drivers\STM32L4xx_HAL_Driver\Src\stm32l4xx_hal_tim_ex.o
 .debug_frame   0x0000188c      0x510 Drivers\STM32L4xx_HAL_Driver\Src\stm32l4xx_hal_uart.o
 .debug_frame   0x00001d9c      0x13c Src\HD44780_F3.o
 .debug_frame   0x00001ed8       0x90 Src\main.o
 .debug_frame   0x00001f68       0xc8 Src\stm32l4xx_hal_msp.o
 .debug_frame   0x00002030       0x2c Src\stm32l4xx_it.o
 .debug_frame   0x0000205c      0x180 Src\syscalls.o
 .debug_frame   0x000021dc       0x38 Src\system_stm32l4xx.o
 .debug_frame   0x00002214       0x2c c:/program files (x86)/atollic/truestudio for arm 7.0.1/armtools/bin/../lib/gcc/arm-atollic-eabi/5.3.1/../../../../arm-atollic-eabi/lib/armv7e-m/fpu\libc.a(lib_a-init.o)
 .debug_frame   0x00002240       0x40 c:/program files (x86)/atollic/truestudio for arm 7.0.1/armtools/bin/../lib/gcc/arm-atollic-eabi/5.3.1/../../../../arm-atollic-eabi/lib/armv7e-m/fpu\libc.a(lib_a-puts.o)
 .debug_frame   0x00002280       0x5c c:/program files (x86)/atollic/truestudio for arm 7.0.1/armtools/bin/../lib/gcc/arm-atollic-eabi/5.3.1/../../../../arm-atollic-eabi/lib/armv7e-m/fpu\libc.a(lib_a-reent.o)
 .debug_frame   0x000022dc      0x11c c:/program files (x86)/atollic/truestudio for arm 7.0.1/armtools/bin/../lib/gcc/arm-atollic-eabi/5.3.1/../../../../arm-atollic-eabi/lib/armv7e-m/fpu\libc.a(lib_a-findfp.o)
 .debug_frame   0x000023f8       0x60 c:/program files (x86)/atollic/truestudio for arm 7.0.1/armtools/bin/../lib/gcc/arm-atollic-eabi/5.3.1/../../../../arm-atollic-eabi/lib/armv7e-m/fpu\libc.a(lib_a-freer.o)
 .debug_frame   0x00002458       0x3c c:/program files (x86)/atollic/truestudio for arm 7.0.1/armtools/bin/../lib/gcc/arm-atollic-eabi/5.3.1/../../../../arm-atollic-eabi/lib/armv7e-m/fpu\libc.a(lib_a-fvwrite.o)
 .debug_frame   0x00002494       0x54 c:/program files (x86)/atollic/truestudio for arm 7.0.1/armtools/bin/../lib/gcc/arm-atollic-eabi/5.3.1/../../../../arm-atollic-eabi/lib/armv7e-m/fpu\libc.a(lib_a-fwalk.o)
 .debug_frame   0x000024e8       0x40 c:/program files (x86)/atollic/truestudio for arm 7.0.1/armtools/bin/../lib/gcc/arm-atollic-eabi/5.3.1/../../../../arm-atollic-eabi/lib/armv7e-m/fpu\libc.a(lib_a-mallocr.o)
 .debug_frame   0x00002528       0x28 c:/program files (x86)/atollic/truestudio for arm 7.0.1/armtools/bin/../lib/gcc/arm-atollic-eabi/5.3.1/../../../../arm-atollic-eabi/lib/armv7e-m/fpu\libc.a(lib_a-memcpy-stub.o)
 .debug_frame   0x00002550       0x28 c:/program files (x86)/atollic/truestudio for arm 7.0.1/armtools/bin/../lib/gcc/arm-atollic-eabi/5.3.1/../../../../arm-atollic-eabi/lib/armv7e-m/fpu\libc.a(lib_a-memmove.o)
 .debug_frame   0x00002578       0x20 c:/program files (x86)/atollic/truestudio for arm 7.0.1/armtools/bin/../lib/gcc/arm-atollic-eabi/5.3.1/../../../../arm-atollic-eabi/lib/armv7e-m/fpu\libc.a(lib_a-memset.o)
 .debug_frame   0x00002598       0x30 c:/program files (x86)/atollic/truestudio for arm 7.0.1/armtools/bin/../lib/gcc/arm-atollic-eabi/5.3.1/../../../../arm-atollic-eabi/lib/armv7e-m/fpu\libc.a(lib_a-mlock.o)
 .debug_frame   0x000025c8       0x4c c:/program files (x86)/atollic/truestudio for arm 7.0.1/armtools/bin/../lib/gcc/arm-atollic-eabi/5.3.1/../../../../arm-atollic-eabi/lib/armv7e-m/fpu\libc.a(lib_a-reallocr.o)
 .debug_frame   0x00002614       0x2c c:/program files (x86)/atollic/truestudio for arm 7.0.1/armtools/bin/../lib/gcc/arm-atollic-eabi/5.3.1/../../../../arm-atollic-eabi/lib/armv7e-m/fpu\libc.a(lib_a-sbrkr.o)
 .debug_frame   0x00002640       0x88 c:/program files (x86)/atollic/truestudio for arm 7.0.1/armtools/bin/../lib/gcc/arm-atollic-eabi/5.3.1/../../../../arm-atollic-eabi/lib/armv7e-m/fpu\libc.a(lib_a-stdio.o)
 .debug_frame   0x000026c8       0x2c c:/program files (x86)/atollic/truestudio for arm 7.0.1/armtools/bin/../lib/gcc/arm-atollic-eabi/5.3.1/../../../../arm-atollic-eabi/lib/armv7e-m/fpu\libc.a(lib_a-writer.o)
 .debug_frame   0x000026f4       0x2c c:/program files (x86)/atollic/truestudio for arm 7.0.1/armtools/bin/../lib/gcc/arm-atollic-eabi/5.3.1/../../../../arm-atollic-eabi/lib/armv7e-m/fpu\libc.a(lib_a-wsetup.o)
 .debug_frame   0x00002720       0x2c c:/program files (x86)/atollic/truestudio for arm 7.0.1/armtools/bin/../lib/gcc/arm-atollic-eabi/5.3.1/../../../../arm-atollic-eabi/lib/armv7e-m/fpu\libc.a(lib_a-closer.o)
 .debug_frame   0x0000274c       0x3c c:/program files (x86)/atollic/truestudio for arm 7.0.1/armtools/bin/../lib/gcc/arm-atollic-eabi/5.3.1/../../../../arm-atollic-eabi/lib/armv7e-m/fpu\libc.a(lib_a-fclose.o)
 .debug_frame   0x00002788       0x68 c:/program files (x86)/atollic/truestudio for arm 7.0.1/armtools/bin/../lib/gcc/arm-atollic-eabi/5.3.1/../../../../arm-atollic-eabi/lib/armv7e-m/fpu\libc.a(lib_a-fflush.o)
 .debug_frame   0x000027f0       0x2c c:/program files (x86)/atollic/truestudio for arm 7.0.1/armtools/bin/../lib/gcc/arm-atollic-eabi/5.3.1/../../../../arm-atollic-eabi/lib/armv7e-m/fpu\libc.a(lib_a-lseekr.o)
 .debug_frame   0x0000281c       0x54 c:/program files (x86)/atollic/truestudio for arm 7.0.1/armtools/bin/../lib/gcc/arm-atollic-eabi/5.3.1/../../../../arm-atollic-eabi/lib/armv7e-m/fpu\libc.a(lib_a-makebuf.o)
 .debug_frame   0x00002870       0x2c c:/program files (x86)/atollic/truestudio for arm 7.0.1/armtools/bin/../lib/gcc/arm-atollic-eabi/5.3.1/../../../../arm-atollic-eabi/lib/armv7e-m/fpu\libc.a(lib_a-readr.o)
 .debug_frame   0x0000289c       0x2c c:/program files (x86)/atollic/truestudio for arm 7.0.1/armtools/bin/../lib/gcc/arm-atollic-eabi/5.3.1/../../../../arm-atollic-eabi/lib/armv7e-m/fpu\libc.a(lib_a-fstatr.o)
 .debug_frame   0x000028c8       0x2c c:/program files (x86)/atollic/truestudio for arm 7.0.1/armtools/bin/../lib/gcc/arm-atollic-eabi/5.3.1/../../../../arm-atollic-eabi/lib/armv7e-m/fpu\libc.a(lib_a-isattyr.o)
 .debug_frame   0x000028f4       0x2c c:/program files (x86)/atollic/truestudio for arm 7.0.1/armtools/bin/../lib/gcc/arm-atollic-eabi/5.3.1/armv7e-m/fpu\libgcc.a(_aeabi_uldivmod.o)
 .debug_frame   0x00002920       0x34 c:/program files (x86)/atollic/truestudio for arm 7.0.1/armtools/bin/../lib/gcc/arm-atollic-eabi/5.3.1/armv7e-m/fpu\libgcc.a(_udivmoddi4.o)

Cross Reference Table

Symbol                                            File
ADC1_IRQHandler                                   startup\startup_stm32l432xx.o
ADC_ConversionStop                                Drivers\STM32L4xx_HAL_Driver\Src\stm32l4xx_hal_adc.o
                                                  Drivers\STM32L4xx_HAL_Driver\Src\stm32l4xx_hal_adc_ex.o
ADC_DMAConvCplt                                   Drivers\STM32L4xx_HAL_Driver\Src\stm32l4xx_hal_adc.o
ADC_DMAError                                      Drivers\STM32L4xx_HAL_Driver\Src\stm32l4xx_hal_adc.o
ADC_DMAHalfConvCplt                               Drivers\STM32L4xx_HAL_Driver\Src\stm32l4xx_hal_adc.o
ADC_Disable                                       Drivers\STM32L4xx_HAL_Driver\Src\stm32l4xx_hal_adc.o
                                                  Drivers\STM32L4xx_HAL_Driver\Src\stm32l4xx_hal_adc_ex.o
ADC_Enable                                        Drivers\STM32L4xx_HAL_Driver\Src\stm32l4xx_hal_adc.o
                                                  Drivers\STM32L4xx_HAL_Driver\Src\stm32l4xx_hal_adc_ex.o
AHBPrescTable                                     Src\system_stm32l4xx.o
                                                  Drivers\STM32L4xx_HAL_Driver\Src\stm32l4xx_hal_rcc.o
APBPrescTable                                     Src\system_stm32l4xx.o
                                                  Drivers\STM32L4xx_HAL_Driver\Src\stm32l4xx_hal_rcc.o
BusFault_Handler                                  startup\startup_stm32l432xx.o
CAN1_RX0_IRQHandler                               startup\startup_stm32l432xx.o
CAN1_RX1_IRQHandler                               startup\startup_stm32l432xx.o
CAN1_SCE_IRQHandler                               startup\startup_stm32l432xx.o
CAN1_TX_IRQHandler                                startup\startup_stm32l432xx.o
COMP_IRQHandler                                   startup\startup_stm32l432xx.o
CRS_IRQHandler                                    startup\startup_stm32l432xx.o
DMA1_Channel1_IRQHandler                          startup\startup_stm32l432xx.o
DMA1_Channel2_IRQHandler                          startup\startup_stm32l432xx.o
DMA1_Channel3_IRQHandler                          startup\startup_stm32l432xx.o
DMA1_Channel4_IRQHandler                          startup\startup_stm32l432xx.o
DMA1_Channel5_IRQHandler                          startup\startup_stm32l432xx.o
DMA1_Channel6_IRQHandler                          startup\startup_stm32l432xx.o
DMA1_Channel7_IRQHandler                          startup\startup_stm32l432xx.o
DMA2_Channel1_IRQHandler                          startup\startup_stm32l432xx.o
DMA2_Channel2_IRQHandler                          startup\startup_stm32l432xx.o
DMA2_Channel3_IRQHandler                          startup\startup_stm32l432xx.o
DMA2_Channel4_IRQHandler                          startup\startup_stm32l432xx.o
DMA2_Channel5_IRQHandler                          startup\startup_stm32l432xx.o
DMA2_Channel6_IRQHandler                          startup\startup_stm32l432xx.o
DMA2_Channel7_IRQHandler                          startup\startup_stm32l432xx.o
DebugMon_Handler                                  startup\startup_stm32l432xx.o
Default_Handler                                   startup\startup_stm32l432xx.o
EXTI0_IRQHandler                                  startup\startup_stm32l432xx.o
EXTI15_10_IRQHandler                              startup\startup_stm32l432xx.o
EXTI1_IRQHandler                                  startup\startup_stm32l432xx.o
EXTI2_IRQHandler                                  startup\startup_stm32l432xx.o
EXTI3_IRQHandler                                  startup\startup_stm32l432xx.o
EXTI4_IRQHandler                                  startup\startup_stm32l432xx.o
EXTI9_5_IRQHandler                                startup\startup_stm32l432xx.o
FLASH_FlushCaches                                 Drivers\STM32L4xx_HAL_Driver\Src\stm32l4xx_hal_flash_ex.o
                                                  Drivers\STM32L4xx_HAL_Driver\Src\stm32l4xx_hal_flash.o
FLASH_IRQHandler                                  startup\startup_stm32l432xx.o
FLASH_PageErase                                   Drivers\STM32L4xx_HAL_Driver\Src\stm32l4xx_hal_flash_ex.o
                                                  Drivers\STM32L4xx_HAL_Driver\Src\stm32l4xx_hal_flash.o
FLASH_WaitForLastOperation                        Drivers\STM32L4xx_HAL_Driver\Src\stm32l4xx_hal_flash.o
                                                  Drivers\STM32L4xx_HAL_Driver\Src\stm32l4xx_hal_flash_ex.o
FPU_IRQHandler                                    startup\startup_stm32l432xx.o
GPIO_ResetBits                                    Src\HD44780_F3.o
GPIO_SetBits                                      Src\HD44780_F3.o
HAL_ADCEx_Calibration_GetValue                    Drivers\STM32L4xx_HAL_Driver\Src\stm32l4xx_hal_adc_ex.o
HAL_ADCEx_Calibration_SetValue                    Drivers\STM32L4xx_HAL_Driver\Src\stm32l4xx_hal_adc_ex.o
HAL_ADCEx_Calibration_Start                       Drivers\STM32L4xx_HAL_Driver\Src\stm32l4xx_hal_adc_ex.o
HAL_ADCEx_DisableInjectedQueue                    Drivers\STM32L4xx_HAL_Driver\Src\stm32l4xx_hal_adc_ex.o
HAL_ADCEx_DisableVoltageRegulator                 Drivers\STM32L4xx_HAL_Driver\Src\stm32l4xx_hal_adc_ex.o
HAL_ADCEx_EnableInjectedQueue                     Drivers\STM32L4xx_HAL_Driver\Src\stm32l4xx_hal_adc_ex.o
HAL_ADCEx_EndOfSamplingCallback                   Drivers\STM32L4xx_HAL_Driver\Src\stm32l4xx_hal_adc_ex.o
                                                  Drivers\STM32L4xx_HAL_Driver\Src\stm32l4xx_hal_adc.o
HAL_ADCEx_EnterADCDeepPowerDownMode               Drivers\STM32L4xx_HAL_Driver\Src\stm32l4xx_hal_adc_ex.o
HAL_ADCEx_InjectedConfigChannel                   Drivers\STM32L4xx_HAL_Driver\Src\stm32l4xx_hal_adc_ex.o
HAL_ADCEx_InjectedConvCpltCallback                Drivers\STM32L4xx_HAL_Driver\Src\stm32l4xx_hal_adc_ex.o
                                                  Drivers\STM32L4xx_HAL_Driver\Src\stm32l4xx_hal_adc.o
HAL_ADCEx_InjectedGetValue                        Drivers\STM32L4xx_HAL_Driver\Src\stm32l4xx_hal_adc_ex.o
HAL_ADCEx_InjectedPollForConversion               Drivers\STM32L4xx_HAL_Driver\Src\stm32l4xx_hal_adc_ex.o
HAL_ADCEx_InjectedQueueOverflowCallback           Drivers\STM32L4xx_HAL_Driver\Src\stm32l4xx_hal_adc_ex.o
                                                  Drivers\STM32L4xx_HAL_Driver\Src\stm32l4xx_hal_adc.o
HAL_ADCEx_InjectedStart                           Drivers\STM32L4xx_HAL_Driver\Src\stm32l4xx_hal_adc_ex.o
HAL_ADCEx_InjectedStart_IT                        Drivers\STM32L4xx_HAL_Driver\Src\stm32l4xx_hal_adc_ex.o
HAL_ADCEx_InjectedStop                            Drivers\STM32L4xx_HAL_Driver\Src\stm32l4xx_hal_adc_ex.o
HAL_ADCEx_InjectedStop_IT                         Drivers\STM32L4xx_HAL_Driver\Src\stm32l4xx_hal_adc_ex.o
HAL_ADCEx_LevelOutOfWindow2Callback               Drivers\STM32L4xx_HAL_Driver\Src\stm32l4xx_hal_adc_ex.o
                                                  Drivers\STM32L4xx_HAL_Driver\Src\stm32l4xx_hal_adc.o
HAL_ADCEx_LevelOutOfWindow3Callback               Drivers\STM32L4xx_HAL_Driver\Src\stm32l4xx_hal_adc_ex.o
                                                  Drivers\STM32L4xx_HAL_Driver\Src\stm32l4xx_hal_adc.o
HAL_ADCEx_RegularStop                             Drivers\STM32L4xx_HAL_Driver\Src\stm32l4xx_hal_adc_ex.o
HAL_ADCEx_RegularStop_DMA                         Drivers\STM32L4xx_HAL_Driver\Src\stm32l4xx_hal_adc_ex.o
HAL_ADCEx_RegularStop_IT                          Drivers\STM32L4xx_HAL_Driver\Src\stm32l4xx_hal_adc_ex.o
HAL_ADC_AnalogWDGConfig                           Drivers\STM32L4xx_HAL_Driver\Src\stm32l4xx_hal_adc.o
HAL_ADC_ConfigChannel                             Drivers\STM32L4xx_HAL_Driver\Src\stm32l4xx_hal_adc.o
                                                  Src\main.o
HAL_ADC_ConvCpltCallback                          Drivers\STM32L4xx_HAL_Driver\Src\stm32l4xx_hal_adc.o
HAL_ADC_ConvHalfCpltCallback                      Drivers\STM32L4xx_HAL_Driver\Src\stm32l4xx_hal_adc.o
HAL_ADC_DeInit                                    Drivers\STM32L4xx_HAL_Driver\Src\stm32l4xx_hal_adc.o
HAL_ADC_ErrorCallback                             Drivers\STM32L4xx_HAL_Driver\Src\stm32l4xx_hal_adc.o
HAL_ADC_GetError                                  Drivers\STM32L4xx_HAL_Driver\Src\stm32l4xx_hal_adc.o
HAL_ADC_GetState                                  Drivers\STM32L4xx_HAL_Driver\Src\stm32l4xx_hal_adc.o
HAL_ADC_GetValue                                  Drivers\STM32L4xx_HAL_Driver\Src\stm32l4xx_hal_adc.o
HAL_ADC_IRQHandler                                Drivers\STM32L4xx_HAL_Driver\Src\stm32l4xx_hal_adc.o
HAL_ADC_Init                                      Drivers\STM32L4xx_HAL_Driver\Src\stm32l4xx_hal_adc.o
                                                  Src\main.o
HAL_ADC_LevelOutOfWindowCallback                  Drivers\STM32L4xx_HAL_Driver\Src\stm32l4xx_hal_adc.o
HAL_ADC_MspDeInit                                 Src\stm32l4xx_hal_msp.o
                                                  Drivers\STM32L4xx_HAL_Driver\Src\stm32l4xx_hal_adc.o
HAL_ADC_MspInit                                   Src\stm32l4xx_hal_msp.o
                                                  Drivers\STM32L4xx_HAL_Driver\Src\stm32l4xx_hal_adc.o
HAL_ADC_PollForConversion                         Drivers\STM32L4xx_HAL_Driver\Src\stm32l4xx_hal_adc.o
HAL_ADC_PollForEvent                              Drivers\STM32L4xx_HAL_Driver\Src\stm32l4xx_hal_adc.o
HAL_ADC_Start                                     Drivers\STM32L4xx_HAL_Driver\Src\stm32l4xx_hal_adc.o
HAL_ADC_Start_DMA                                 Drivers\STM32L4xx_HAL_Driver\Src\stm32l4xx_hal_adc.o
HAL_ADC_Start_IT                                  Drivers\STM32L4xx_HAL_Driver\Src\stm32l4xx_hal_adc.o
HAL_ADC_Stop                                      Drivers\STM32L4xx_HAL_Driver\Src\stm32l4xx_hal_adc.o
HAL_ADC_Stop_DMA                                  Drivers\STM32L4xx_HAL_Driver\Src\stm32l4xx_hal_adc.o
HAL_ADC_Stop_IT                                   Drivers\STM32L4xx_HAL_Driver\Src\stm32l4xx_hal_adc.o
HAL_DBGMCU_DisableDBGSleepMode                    Drivers\STM32L4xx_HAL_Driver\Src\stm32l4xx_hal.o
HAL_DBGMCU_DisableDBGStandbyMode                  Drivers\STM32L4xx_HAL_Driver\Src\stm32l4xx_hal.o
HAL_DBGMCU_DisableDBGStopMode                     Drivers\STM32L4xx_HAL_Driver\Src\stm32l4xx_hal.o
HAL_DBGMCU_EnableDBGSleepMode                     Drivers\STM32L4xx_HAL_Driver\Src\stm32l4xx_hal.o
HAL_DBGMCU_EnableDBGStandbyMode                   Drivers\STM32L4xx_HAL_Driver\Src\stm32l4xx_hal.o
HAL_DBGMCU_EnableDBGStopMode                      Drivers\STM32L4xx_HAL_Driver\Src\stm32l4xx_hal.o
HAL_DMA_Abort                                     Drivers\STM32L4xx_HAL_Driver\Src\stm32l4xx_hal_dma.o
                                                  Drivers\STM32L4xx_HAL_Driver\Src\stm32l4xx_hal_uart.o
                                                  Drivers\STM32L4xx_HAL_Driver\Src\stm32l4xx_hal_tim.o
                                                  Drivers\STM32L4xx_HAL_Driver\Src\stm32l4xx_hal_adc_ex.o
                                                  Drivers\STM32L4xx_HAL_Driver\Src\stm32l4xx_hal_adc.o
HAL_DMA_Abort_IT                                  Drivers\STM32L4xx_HAL_Driver\Src\stm32l4xx_hal_dma.o
                                                  Drivers\STM32L4xx_HAL_Driver\Src\stm32l4xx_hal_uart.o
                                                  Drivers\STM32L4xx_HAL_Driver\Src\stm32l4xx_hal_i2c.o
HAL_DMA_DeInit                                    Drivers\STM32L4xx_HAL_Driver\Src\stm32l4xx_hal_dma.o
HAL_DMA_GetError                                  Drivers\STM32L4xx_HAL_Driver\Src\stm32l4xx_hal_dma.o
HAL_DMA_GetState                                  Drivers\STM32L4xx_HAL_Driver\Src\stm32l4xx_hal_dma.o
HAL_DMA_IRQHandler                                Drivers\STM32L4xx_HAL_Driver\Src\stm32l4xx_hal_dma.o
HAL_DMA_Init                                      Drivers\STM32L4xx_HAL_Driver\Src\stm32l4xx_hal_dma.o
HAL_DMA_PollForTransfer                           Drivers\STM32L4xx_HAL_Driver\Src\stm32l4xx_hal_dma.o
HAL_DMA_RegisterCallback                          Drivers\STM32L4xx_HAL_Driver\Src\stm32l4xx_hal_dma.o
HAL_DMA_Start                                     Drivers\STM32L4xx_HAL_Driver\Src\stm32l4xx_hal_dma.o
HAL_DMA_Start_IT                                  Drivers\STM32L4xx_HAL_Driver\Src\stm32l4xx_hal_dma.o
                                                  Drivers\STM32L4xx_HAL_Driver\Src\stm32l4xx_hal_uart.o
                                                  Drivers\STM32L4xx_HAL_Driver\Src\stm32l4xx_hal_tim_ex.o
                                                  Drivers\STM32L4xx_HAL_Driver\Src\stm32l4xx_hal_tim.o
                                                  Drivers\STM32L4xx_HAL_Driver\Src\stm32l4xx_hal_i2c.o
                                                  Drivers\STM32L4xx_HAL_Driver\Src\stm32l4xx_hal_adc.o
HAL_DMA_UnRegisterCallback                        Drivers\STM32L4xx_HAL_Driver\Src\stm32l4xx_hal_dma.o
HAL_DeInit                                        Drivers\STM32L4xx_HAL_Driver\Src\stm32l4xx_hal.o
HAL_Delay                                         Drivers\STM32L4xx_HAL_Driver\Src\stm32l4xx_hal.o
                                                  Src\HD44780_F3.o
HAL_FLASHEx_DisableRunPowerDown                   Drivers\STM32L4xx_HAL_Driver\Src\stm32l4xx_hal_flash_ramfunc.o
HAL_FLASHEx_EnableRunPowerDown                    Drivers\STM32L4xx_HAL_Driver\Src\stm32l4xx_hal_flash_ramfunc.o
HAL_FLASHEx_Erase                                 Drivers\STM32L4xx_HAL_Driver\Src\stm32l4xx_hal_flash_ex.o
HAL_FLASHEx_Erase_IT                              Drivers\STM32L4xx_HAL_Driver\Src\stm32l4xx_hal_flash_ex.o
HAL_FLASHEx_OBGetConfig                           Drivers\STM32L4xx_HAL_Driver\Src\stm32l4xx_hal_flash_ex.o
HAL_FLASHEx_OBProgram                             Drivers\STM32L4xx_HAL_Driver\Src\stm32l4xx_hal_flash_ex.o
HAL_FLASH_EndOfOperationCallback                  Drivers\STM32L4xx_HAL_Driver\Src\stm32l4xx_hal_flash.o
HAL_FLASH_GetError                                Drivers\STM32L4xx_HAL_Driver\Src\stm32l4xx_hal_flash.o
HAL_FLASH_IRQHandler                              Drivers\STM32L4xx_HAL_Driver\Src\stm32l4xx_hal_flash.o
HAL_FLASH_Lock                                    Drivers\STM32L4xx_HAL_Driver\Src\stm32l4xx_hal_flash.o
HAL_FLASH_OB_Launch                               Drivers\STM32L4xx_HAL_Driver\Src\stm32l4xx_hal_flash.o
HAL_FLASH_OB_Lock                                 Drivers\STM32L4xx_HAL_Driver\Src\stm32l4xx_hal_flash.o
HAL_FLASH_OB_Unlock                               Drivers\STM32L4xx_HAL_Driver\Src\stm32l4xx_hal_flash.o
HAL_FLASH_OperationErrorCallback                  Drivers\STM32L4xx_HAL_Driver\Src\stm32l4xx_hal_flash.o
HAL_FLASH_Program                                 Drivers\STM32L4xx_HAL_Driver\Src\stm32l4xx_hal_flash.o
HAL_FLASH_Program_IT                              Drivers\STM32L4xx_HAL_Driver\Src\stm32l4xx_hal_flash.o
HAL_FLASH_Unlock                                  Drivers\STM32L4xx_HAL_Driver\Src\stm32l4xx_hal_flash.o
HAL_GPIO_DeInit                                   Drivers\STM32L4xx_HAL_Driver\Src\stm32l4xx_hal_gpio.o
                                                  Src\stm32l4xx_hal_msp.o
HAL_GPIO_EXTI_Callback                            Drivers\STM32L4xx_HAL_Driver\Src\stm32l4xx_hal_gpio.o
HAL_GPIO_EXTI_IRQHandler                          Drivers\STM32L4xx_HAL_Driver\Src\stm32l4xx_hal_gpio.o
HAL_GPIO_Init                                     Drivers\STM32L4xx_HAL_Driver\Src\stm32l4xx_hal_gpio.o
                                                  Src\stm32l4xx_hal_msp.o
                                                  Src\main.o
                                                  Src\HD44780_F3.o
                                                  Drivers\STM32L4xx_HAL_Driver\Src\stm32l4xx_hal_rcc_ex.o
                                                  Drivers\STM32L4xx_HAL_Driver\Src\stm32l4xx_hal_rcc.o
HAL_GPIO_LockPin                                  Drivers\STM32L4xx_HAL_Driver\Src\stm32l4xx_hal_gpio.o
HAL_GPIO_ReadPin                                  Drivers\STM32L4xx_HAL_Driver\Src\stm32l4xx_hal_gpio.o
                                                  Src\main.o
HAL_GPIO_TogglePin                                Drivers\STM32L4xx_HAL_Driver\Src\stm32l4xx_hal_gpio.o
HAL_GPIO_WritePin                                 Drivers\STM32L4xx_HAL_Driver\Src\stm32l4xx_hal_gpio.o
                                                  Src\main.o
                                                  Src\HD44780_F3.o
HAL_GetDEVID                                      Drivers\STM32L4xx_HAL_Driver\Src\stm32l4xx_hal.o
HAL_GetHalVersion                                 Drivers\STM32L4xx_HAL_Driver\Src\stm32l4xx_hal.o
HAL_GetREVID                                      Drivers\STM32L4xx_HAL_Driver\Src\stm32l4xx_hal.o
HAL_GetTick                                       Drivers\STM32L4xx_HAL_Driver\Src\stm32l4xx_hal.o
                                                  Drivers\STM32L4xx_HAL_Driver\Src\stm32l4xx_hal_uart_ex.o
                                                  Drivers\STM32L4xx_HAL_Driver\Src\stm32l4xx_hal_uart.o
                                                  Drivers\STM32L4xx_HAL_Driver\Src\stm32l4xx_hal_rcc_ex.o
                                                  Drivers\STM32L4xx_HAL_Driver\Src\stm32l4xx_hal_rcc.o
                                                  Drivers\STM32L4xx_HAL_Driver\Src\stm32l4xx_hal_i2c.o
                                                  Drivers\STM32L4xx_HAL_Driver\Src\stm32l4xx_hal_flash.o
                                                  Drivers\STM32L4xx_HAL_Driver\Src\stm32l4xx_hal_dma.o
                                                  Drivers\STM32L4xx_HAL_Driver\Src\stm32l4xx_hal_adc_ex.o
                                                  Drivers\STM32L4xx_HAL_Driver\Src\stm32l4xx_hal_adc.o
HAL_GetUIDw0                                      Drivers\STM32L4xx_HAL_Driver\Src\stm32l4xx_hal.o
HAL_GetUIDw1                                      Drivers\STM32L4xx_HAL_Driver\Src\stm32l4xx_hal.o
HAL_GetUIDw2                                      Drivers\STM32L4xx_HAL_Driver\Src\stm32l4xx_hal.o
HAL_HalfDuplex_EnableReceiver                     Drivers\STM32L4xx_HAL_Driver\Src\stm32l4xx_hal_uart.o
HAL_HalfDuplex_EnableTransmitter                  Drivers\STM32L4xx_HAL_Driver\Src\stm32l4xx_hal_uart.o
HAL_HalfDuplex_Init                               Drivers\STM32L4xx_HAL_Driver\Src\stm32l4xx_hal_uart.o
HAL_I2CEx_ConfigAnalogFilter                      Drivers\STM32L4xx_HAL_Driver\Src\stm32l4xx_hal_i2c_ex.o
HAL_I2CEx_ConfigDigitalFilter                     Drivers\STM32L4xx_HAL_Driver\Src\stm32l4xx_hal_i2c_ex.o
HAL_I2CEx_DisableFastModePlus                     Drivers\STM32L4xx_HAL_Driver\Src\stm32l4xx_hal_i2c_ex.o
HAL_I2CEx_DisableWakeUp                           Drivers\STM32L4xx_HAL_Driver\Src\stm32l4xx_hal_i2c_ex.o
HAL_I2CEx_EnableFastModePlus                      Drivers\STM32L4xx_HAL_Driver\Src\stm32l4xx_hal_i2c_ex.o
HAL_I2CEx_EnableWakeUp                            Drivers\STM32L4xx_HAL_Driver\Src\stm32l4xx_hal_i2c_ex.o
HAL_I2C_AbortCpltCallback                         Drivers\STM32L4xx_HAL_Driver\Src\stm32l4xx_hal_i2c.o
HAL_I2C_AddrCallback                              Drivers\STM32L4xx_HAL_Driver\Src\stm32l4xx_hal_i2c.o
HAL_I2C_DeInit                                    Drivers\STM32L4xx_HAL_Driver\Src\stm32l4xx_hal_i2c.o
HAL_I2C_DisableListen_IT                          Drivers\STM32L4xx_HAL_Driver\Src\stm32l4xx_hal_i2c.o
HAL_I2C_ER_IRQHandler                             Drivers\STM32L4xx_HAL_Driver\Src\stm32l4xx_hal_i2c.o
HAL_I2C_EV_IRQHandler                             Drivers\STM32L4xx_HAL_Driver\Src\stm32l4xx_hal_i2c.o
HAL_I2C_EnableListen_IT                           Drivers\STM32L4xx_HAL_Driver\Src\stm32l4xx_hal_i2c.o
HAL_I2C_ErrorCallback                             Drivers\STM32L4xx_HAL_Driver\Src\stm32l4xx_hal_i2c.o
HAL_I2C_GetError                                  Drivers\STM32L4xx_HAL_Driver\Src\stm32l4xx_hal_i2c.o
HAL_I2C_GetMode                                   Drivers\STM32L4xx_HAL_Driver\Src\stm32l4xx_hal_i2c.o
HAL_I2C_GetState                                  Drivers\STM32L4xx_HAL_Driver\Src\stm32l4xx_hal_i2c.o
HAL_I2C_Init                                      Drivers\STM32L4xx_HAL_Driver\Src\stm32l4xx_hal_i2c.o
HAL_I2C_IsDeviceReady                             Drivers\STM32L4xx_HAL_Driver\Src\stm32l4xx_hal_i2c.o
HAL_I2C_ListenCpltCallback                        Drivers\STM32L4xx_HAL_Driver\Src\stm32l4xx_hal_i2c.o
HAL_I2C_MasterRxCpltCallback                      Drivers\STM32L4xx_HAL_Driver\Src\stm32l4xx_hal_i2c.o
HAL_I2C_MasterTxCpltCallback                      Drivers\STM32L4xx_HAL_Driver\Src\stm32l4xx_hal_i2c.o
HAL_I2C_Master_Abort_IT                           Drivers\STM32L4xx_HAL_Driver\Src\stm32l4xx_hal_i2c.o
HAL_I2C_Master_Receive                            Drivers\STM32L4xx_HAL_Driver\Src\stm32l4xx_hal_i2c.o
HAL_I2C_Master_Receive_DMA                        Drivers\STM32L4xx_HAL_Driver\Src\stm32l4xx_hal_i2c.o
HAL_I2C_Master_Receive_IT                         Drivers\STM32L4xx_HAL_Driver\Src\stm32l4xx_hal_i2c.o
HAL_I2C_Master_Sequential_Receive_IT              Drivers\STM32L4xx_HAL_Driver\Src\stm32l4xx_hal_i2c.o
HAL_I2C_Master_Sequential_Transmit_IT             Drivers\STM32L4xx_HAL_Driver\Src\stm32l4xx_hal_i2c.o
HAL_I2C_Master_Transmit                           Drivers\STM32L4xx_HAL_Driver\Src\stm32l4xx_hal_i2c.o
HAL_I2C_Master_Transmit_DMA                       Drivers\STM32L4xx_HAL_Driver\Src\stm32l4xx_hal_i2c.o
HAL_I2C_Master_Transmit_IT                        Drivers\STM32L4xx_HAL_Driver\Src\stm32l4xx_hal_i2c.o
HAL_I2C_MemRxCpltCallback                         Drivers\STM32L4xx_HAL_Driver\Src\stm32l4xx_hal_i2c.o
HAL_I2C_MemTxCpltCallback                         Drivers\STM32L4xx_HAL_Driver\Src\stm32l4xx_hal_i2c.o
HAL_I2C_Mem_Read                                  Drivers\STM32L4xx_HAL_Driver\Src\stm32l4xx_hal_i2c.o
HAL_I2C_Mem_Read_DMA                              Drivers\STM32L4xx_HAL_Driver\Src\stm32l4xx_hal_i2c.o
HAL_I2C_Mem_Read_IT                               Drivers\STM32L4xx_HAL_Driver\Src\stm32l4xx_hal_i2c.o
HAL_I2C_Mem_Write                                 Drivers\STM32L4xx_HAL_Driver\Src\stm32l4xx_hal_i2c.o
HAL_I2C_Mem_Write_DMA                             Drivers\STM32L4xx_HAL_Driver\Src\stm32l4xx_hal_i2c.o
HAL_I2C_Mem_Write_IT                              Drivers\STM32L4xx_HAL_Driver\Src\stm32l4xx_hal_i2c.o
HAL_I2C_MspDeInit                                 Drivers\STM32L4xx_HAL_Driver\Src\stm32l4xx_hal_i2c.o
HAL_I2C_MspInit                                   Drivers\STM32L4xx_HAL_Driver\Src\stm32l4xx_hal_i2c.o
HAL_I2C_SlaveRxCpltCallback                       Drivers\STM32L4xx_HAL_Driver\Src\stm32l4xx_hal_i2c.o